Archive member included to satisfy reference by file (symbol)

/usr/lib/gcc/arm-none-eabi/13.2.0/thumb/v7-m/nofp/libgcc.a(_arm_muldf3.o)
                              CMakeFiles/logger_diy.elf.dir/Core/Src/BMP180.c.obj (__aeabi_dmul)
/usr/lib/gcc/arm-none-eabi/13.2.0/thumb/v7-m/nofp/libgcc.a(_arm_mulsf3.o)
                              CMakeFiles/logger_diy.elf.dir/Core/Src/BMP180.c.obj (__aeabi_fmul)
/usr/lib/gcc/arm-none-eabi/13.2.0/thumb/v7-m/nofp/libgcc.a(_arm_addsubdf3.o)
                              CMakeFiles/logger_diy.elf.dir/Core/Src/BMP180.c.obj (__aeabi_dsub)
/usr/lib/gcc/arm-none-eabi/13.2.0/thumb/v7-m/nofp/libgcc.a(_arm_truncdfsf2.o)
                              CMakeFiles/logger_diy.elf.dir/Core/Src/BMP180.c.obj (__aeabi_d2f)
/usr/lib/gcc/arm-none-eabi/13.2.0/thumb/v7-m/nofp/libgcc.a(_arm_addsubsf3.o)
                              CMakeFiles/logger_diy.elf.dir/Core/Src/TempTale.c.obj (__aeabi_fsub)
/usr/lib/gcc/arm-none-eabi/13.2.0/thumb/v7-m/nofp/libgcc.a(_arm_muldivsf3.o)
                              CMakeFiles/logger_diy.elf.dir/Core/Src/BMP180.c.obj (__aeabi_fdiv)
/usr/lib/gcc/arm-none-eabi/13.2.0/thumb/v7-m/nofp/libgcc.a(_arm_cmpsf2.o)
                              CMakeFiles/logger_diy.elf.dir/Core/Src/BMP180.c.obj (__aeabi_fcmple)
/usr/lib/gcc/arm-none-eabi/13.2.0/thumb/v7-m/nofp/libgcc.a(_arm_fixsfsi.o)
                              CMakeFiles/logger_diy.elf.dir/Core/Src/BMP180.c.obj (__aeabi_f2iz)
/usr/lib/gcc/arm-none-eabi/13.2.0/thumb/v7-m/nofp/libgcc.a(_aeabi_uldivmod.o)
                              CMakeFiles/logger_diy.elf.dir/Drivers/STM32L1xx_HAL_Driver/Src/stm32l1xx_hal_rcc.c.obj (__aeabi_uldivmod)
/usr/lib/gcc/arm-none-eabi/13.2.0/thumb/v7-m/nofp/libgcc.a(_udivmoddi4.o)
                              /usr/lib/gcc/arm-none-eabi/13.2.0/thumb/v7-m/nofp/libgcc.a(_aeabi_uldivmod.o) (__udivmoddi4)
/usr/lib/gcc/arm-none-eabi/13.2.0/thumb/v7-m/nofp/libgcc.a(_dvmd_tls.o)
                              /usr/lib/gcc/arm-none-eabi/13.2.0/thumb/v7-m/nofp/libgcc.a(_aeabi_uldivmod.o) (__aeabi_ldiv0)
/usr/lib/gcc/arm-none-eabi/13.2.0/../../../../arm-none-eabi/lib/thumb/v7-m/nofp/libg.a(libc_a-atexit.o)
                              /usr/lib/gcc/arm-none-eabi/13.2.0/../../../../arm-none-eabi/lib/thumb/v7-m/nofp/crt0.o (atexit)
/usr/lib/gcc/arm-none-eabi/13.2.0/../../../../arm-none-eabi/lib/thumb/v7-m/nofp/libg.a(libc_a-exit.o)
                              /usr/lib/gcc/arm-none-eabi/13.2.0/../../../../arm-none-eabi/lib/thumb/v7-m/nofp/crt0.o (exit)
/usr/lib/gcc/arm-none-eabi/13.2.0/../../../../arm-none-eabi/lib/thumb/v7-m/nofp/libg.a(libc_a-findfp.o)
                              /usr/lib/gcc/arm-none-eabi/13.2.0/../../../../arm-none-eabi/lib/thumb/v7-m/nofp/libg.a(libc_a-exit.o) (__stdio_exit_handler)
/usr/lib/gcc/arm-none-eabi/13.2.0/../../../../arm-none-eabi/lib/thumb/v7-m/nofp/libg.a(libc_a-fwalk.o)
                              /usr/lib/gcc/arm-none-eabi/13.2.0/../../../../arm-none-eabi/lib/thumb/v7-m/nofp/libg.a(libc_a-findfp.o) (_fwalk_sglue)
/usr/lib/gcc/arm-none-eabi/13.2.0/../../../../arm-none-eabi/lib/thumb/v7-m/nofp/libg.a(libc_a-stdio.o)
                              /usr/lib/gcc/arm-none-eabi/13.2.0/../../../../arm-none-eabi/lib/thumb/v7-m/nofp/libg.a(libc_a-findfp.o) (__sread)
/usr/lib/gcc/arm-none-eabi/13.2.0/../../../../arm-none-eabi/lib/thumb/v7-m/nofp/libg.a(libc_a-memset.o)
                              /usr/lib/gcc/arm-none-eabi/13.2.0/../../../../arm-none-eabi/lib/thumb/v7-m/nofp/crt0.o (memset)
/usr/lib/gcc/arm-none-eabi/13.2.0/../../../../arm-none-eabi/lib/thumb/v7-m/nofp/libg.a(libc_a-closer.o)
                              /usr/lib/gcc/arm-none-eabi/13.2.0/../../../../arm-none-eabi/lib/thumb/v7-m/nofp/libg.a(libc_a-stdio.o) (_close_r)
/usr/lib/gcc/arm-none-eabi/13.2.0/../../../../arm-none-eabi/lib/thumb/v7-m/nofp/libg.a(libc_a-reent.o)
                              /usr/lib/gcc/arm-none-eabi/13.2.0/../../../../arm-none-eabi/lib/thumb/v7-m/nofp/libg.a(libc_a-closer.o) (errno)
/usr/lib/gcc/arm-none-eabi/13.2.0/../../../../arm-none-eabi/lib/thumb/v7-m/nofp/libg.a(libc_a-impure.o)
                              /usr/lib/gcc/arm-none-eabi/13.2.0/../../../../arm-none-eabi/lib/thumb/v7-m/nofp/libg.a(libc_a-reent.o) (_impure_ptr)
/usr/lib/gcc/arm-none-eabi/13.2.0/../../../../arm-none-eabi/lib/thumb/v7-m/nofp/libg.a(libc_a-lseekr.o)
                              /usr/lib/gcc/arm-none-eabi/13.2.0/../../../../arm-none-eabi/lib/thumb/v7-m/nofp/libg.a(libc_a-stdio.o) (_lseek_r)
/usr/lib/gcc/arm-none-eabi/13.2.0/../../../../arm-none-eabi/lib/thumb/v7-m/nofp/libg.a(libc_a-readr.o)
                              /usr/lib/gcc/arm-none-eabi/13.2.0/../../../../arm-none-eabi/lib/thumb/v7-m/nofp/libg.a(libc_a-stdio.o) (_read_r)
/usr/lib/gcc/arm-none-eabi/13.2.0/../../../../arm-none-eabi/lib/thumb/v7-m/nofp/libg.a(libc_a-writer.o)
                              /usr/lib/gcc/arm-none-eabi/13.2.0/../../../../arm-none-eabi/lib/thumb/v7-m/nofp/libg.a(libc_a-stdio.o) (_write_r)
[...]
Memory Configuration

Name             Origin             Length             Attributes
RAM              0x20000000         0x00008000         xrw
FLASH            0x08000000         0x00040000         xr
*default*        0x00000000         0xffffffff

Linker script and memory map

LOAD /usr/lib/gcc/arm-none-eabi/13.2.0/thumb/v7-m/nofp/crti.o
LOAD /usr/lib/gcc/arm-none-eabi/13.2.0/thumb/v7-m/nofp/crtbegin.o
LOAD /usr/lib/gcc/arm-none-eabi/13.2.0/../../../../arm-none-eabi/lib/thumb/v7-m/nofp/crt0.o
LOAD CMakeFiles/logger_diy.elf.dir/Core/Src/BMP180.c.obj
LOAD CMakeFiles/logger_diy.elf.dir/Core/Src/TMP112.c.obj
LOAD CMakeFiles/logger_diy.elf.dir/Core/Src/TempTale.c.obj
LOAD CMakeFiles/logger_diy.elf.dir/Core/Src/TempTale_LCD.c.obj
LOAD CMakeFiles/logger_diy.elf.dir/Core/Src/main.c.obj
LOAD CMakeFiles/logger_diy.elf.dir/Core/Src/stm32l1xx_hal_msp.c.obj
LOAD CMakeFiles/logger_diy.elf.dir/Core/Src/stm32l1xx_it.c.obj
LOAD CMakeFiles/logger_diy.elf.dir/Core/Src/syscalls.c.obj
LOAD CMakeFiles/logger_diy.elf.dir/Core/Src/sysmem.c.obj
LOAD CMakeFiles/logger_diy.elf.dir/Core/Src/system_stm32l1xx.c.obj
LOAD CMakeFiles/logger_diy.elf.dir/Core/Startup/startup_stm32l152rctx.s.obj
LOAD CMakeFiles/logger_diy.elf.dir/Drivers/STM32L1xx_HAL_Driver/Src/stm32l1xx_hal.c.obj
LOAD CMakeFiles/logger_diy.elf.dir/Drivers/STM32L1xx_HAL_Driver/Src/stm32l1xx_hal_cortex.c.obj
LOAD CMakeFiles/logger_diy.elf.dir/Drivers/STM32L1xx_HAL_Driver/Src/stm32l1xx_hal_dma.c.obj
LOAD CMakeFiles/logger_diy.elf.dir/Drivers/STM32L1xx_HAL_Driver/Src/stm32l1xx_hal_exti.c.obj
LOAD CMakeFiles/logger_diy.elf.dir/Drivers/STM32L1xx_HAL_Driver/Src/stm32l1xx_hal_flash.c.obj
LOAD CMakeFiles/logger_diy.elf.dir/Drivers/STM32L1xx_HAL_Driver/Src/stm32l1xx_hal_flash_ex.c.obj
LOAD CMakeFiles/logger_diy.elf.dir/Drivers/STM32L1xx_HAL_Driver/Src/stm32l1xx_hal_flash_ramfunc.c.obj
LOAD CMakeFiles/logger_diy.elf.dir/Drivers/STM32L1xx_HAL_Driver/Src/stm32l1xx_hal_gpio.c.obj
LOAD CMakeFiles/logger_diy.elf.dir/Drivers/STM32L1xx_HAL_Driver/Src/stm32l1xx_hal_i2c.c.obj
LOAD CMakeFiles/logger_diy.elf.dir/Drivers/STM32L1xx_HAL_Driver/Src/stm32l1xx_hal_lcd.c.obj
LOAD CMakeFiles/logger_diy.elf.dir/Drivers/STM32L1xx_HAL_Driver/Src/stm32l1xx_hal_pwr.c.obj
LOAD CMakeFiles/logger_diy.elf.dir/Drivers/STM32L1xx_HAL_Driver/Src/stm32l1xx_hal_pwr_ex.c.obj
LOAD CMakeFiles/logger_diy.elf.dir/Drivers/STM32L1xx_HAL_Driver/Src/stm32l1xx_hal_rcc.c.obj
LOAD CMakeFiles/logger_diy.elf.dir/Drivers/STM32L1xx_HAL_Driver/Src/stm32l1xx_hal_rcc_ex.c.obj
LOAD CMakeFiles/logger_diy.elf.dir/Drivers/STM32L1xx_HAL_Driver/Src/stm32l1xx_hal_tim.c.obj
LOAD CMakeFiles/logger_diy.elf.dir/Drivers/STM32L1xx_HAL_Driver/Src/stm32l1xx_hal_tim_ex.c.obj
START GROUP
LOAD /usr/lib/gcc/arm-none-eabi/13.2.0/thumb/v7-m/nofp/libgcc.a
LOAD /usr/lib/gcc/arm-none-eabi/13.2.0/../../../../arm-none-eabi/lib/thumb/v7-m/nofp/libg.a
LOAD /usr/lib/gcc/arm-none-eabi/13.2.0/../../../../arm-none-eabi/lib/thumb/v7-m/nofp/libc.a
END GROUP
LOAD /usr/lib/gcc/arm-none-eabi/13.2.0/thumb/v7-m/nofp/crtend.o
LOAD /usr/lib/gcc/arm-none-eabi/13.2.0/thumb/v7-m/nofp/crtn.o
                0x20008000                        _estack = (ORIGIN (RAM) + LENGTH (RAM))
                0x00000200                        _Min_Heap_Size = 0x200
                0x00000400                        _Min_Stack_Size = 0x400

.isr_vector     0x08000000      0x13c
                0x08000000                        . = ALIGN (0x4)
 *(.isr_vector)
 .isr_vector    0x08000000      0x13c CMakeFiles/logger_diy.elf.dir/Core/Startup/startup_stm32l152rctx.s.obj
                0x08000000                g_pfnVectors
                0x0800013c                        . = ALIGN (0x4)

.text           0x08000140     0x5440
                0x08000140                        . = ALIGN (0x4)
 *(.text)
 .text          0x08000140      0x378 /usr/lib/gcc/arm-none-eabi/13.2.0/thumb/v7-m/nofp/libgcc.a(_arm_addsubdf3.o)
                0x08000140                __aeabi_drsub
                0x08000148                __aeabi_dsub
                0x08000148                __subdf3
                0x0800014c                __adddf3
                0x0800014c                __aeabi_dadd
                0x080003c4                __aeabi_ui2d
                0x080003c4                __floatunsidf
                0x080003e4                __floatsidf
                0x080003e4                __aeabi_i2d
                0x08000408                __extendsfdf2
                0x08000408                __aeabi_f2d
                0x0800044c                __aeabi_ul2d
                0x0800044c                __floatundidf
                0x0800045c                __floatdidf
                0x0800045c                __aeabi_l2d
 .text          0x080004b8       0xa0 /usr/lib/gcc/arm-none-eabi/13.2.0/thumb/v7-m/nofp/libgcc.a(_arm_truncdfsf2.o)
                0x080004b8                __aeabi_d2f
                0x080004b8                __truncdfsf2
 .text          0x08000558      0x21c /usr/lib/gcc/arm-none-eabi/13.2.0/thumb/v7-m/nofp/libgcc.a(_arm_addsubsf3.o)
                0x08000558                __aeabi_frsub
                0x08000560                __subsf3
                0x08000560                __aeabi_fsub
                0x08000564                __aeabi_fadd
                0x08000564                __addsf3
                0x080006c4                __aeabi_ui2f
                0x080006c4                __floatunsisf
                0x080006cc                __aeabi_i2f
                0x080006cc                __floatsisf
                0x080006e8                __floatundisf
                0x080006e8                __aeabi_ul2f
                0x080006f8                __floatdisf
                0x080006f8                __aeabi_l2f
 .text          0x08000774      0x2a0 /usr/lib/gcc/arm-none-eabi/13.2.0/thumb/v7-m/nofp/libgcc.a(_arm_muldivsf3.o)
                0x08000774                __mulsf3
                0x08000774                __aeabi_fmul
                0x080008dc                __divsf3
                0x080008dc                __aeabi_fdiv
 .text          0x08000a14       0xec /usr/lib/gcc/arm-none-eabi/13.2.0/thumb/v7-m/nofp/libgcc.a(_arm_cmpsf2.o)
                0x08000a14                __gtsf2
                0x08000a14                __gesf2
                0x08000a1c                __lesf2
                0x08000a1c                __ltsf2
                0x08000a24                __nesf2
                0x08000a24                __eqsf2
                0x08000a24                __cmpsf2
                0x08000a84                __aeabi_cfrcmple
                0x08000a8c                __aeabi_cfcmple
                0x08000a8c                __aeabi_cfcmpeq
                0x08000a9c                __aeabi_fcmpeq
                0x08000ab0                __aeabi_fcmplt
                0x08000ac4                __aeabi_fcmple
                0x08000ad8                __aeabi_fcmpge
                0x08000aec                __aeabi_fcmpgt
 .text          0x08000b00       0x4c /usr/lib/gcc/arm-none-eabi/13.2.0/thumb/v7-m/nofp/libgcc.a(_arm_fixsfsi.o)
                0x08000b00                __fixsfsi
                0x08000b00                __aeabi_f2iz
 .text          0x08000b4c       0x30 /usr/lib/gcc/arm-none-eabi/13.2.0/thumb/v7-m/nofp/libgcc.a(_aeabi_uldivmod.o)
                0x08000b4c                __aeabi_uldivmod
 .text          0x08000b7c        0x4 /usr/lib/gcc/arm-none-eabi/13.2.0/thumb/v7-m/nofp/libgcc.a(_dvmd_tls.o)
                0x08000b7c                __aeabi_ldiv0
                0x08000b7c                __aeabi_idiv0
 .text          0x08000b80      0x424 /usr/lib/gcc/arm-none-eabi/13.2.0/thumb/v7-m/nofp/libgcc.a(_arm_muldivdf3.o)
                0x08000b80                __aeabi_dmul
                0x08000b80                __muldf3
                0x08000dd4                __aeabi_ddiv
                0x08000dd4                __divdf3
 .text          0x08000fa4      0x110 /usr/lib/gcc/arm-none-eabi/13.2.0/thumb/v7-m/nofp/libgcc.a(_arm_cmpdf2.o)
                0x08000fa4                __gtdf2
                0x08000fa4                __gedf2
                0x08000fac                __ltdf2
                0x08000fac                __ledf2
                0x08000fb4                __cmpdf2
                0x08000fb4                __eqdf2
                0x08000fb4                __nedf2
                0x08001030                __aeabi_cdrcmple
                0x08001040                __aeabi_cdcmple
                0x08001040                __aeabi_cdcmpeq
                0x08001050                __aeabi_dcmpeq
                0x08001064                __aeabi_dcmplt
                0x08001078                __aeabi_dcmple
                0x0800108c                __aeabi_dcmpge
                0x080010a0                __aeabi_dcmpgt
 .text          0x080010b4       0x2c /usr/lib/gcc/arm-none-eabi/13.2.0/thumb/v7-m/nofp/libgcc.a(_arm_unorddf2.o)
                0x080010b4                __aeabi_dcmpun
                0x080010b4                __unorddf2
 *(.text*)
 .text.__do_global_dtors_aux
                0x080010e0       0x24 /usr/lib/gcc/arm-none-eabi/13.2.0/thumb/v7-m/nofp/crtbegin.o
 .text.frame_dummy
                0x08001104       0x1c /usr/lib/gcc/arm-none-eabi/13.2.0/thumb/v7-m/nofp/crtbegin.o
 .text.read_chip_id
                0x08001120       0x3c CMakeFiles/logger_diy.elf.dir/Core/Src/BMP180.c.obj
 .text.read_calib_data
                0x0800115c       0x68 CMakeFiles/logger_diy.elf.dir/Core/Src/BMP180.c.obj
 .text.set_oss  0x080011c4       0x5c CMakeFiles/logger_diy.elf.dir/Core/Src/BMP180.c.obj
 .text.bmp_init
                0x08001220       0x26 CMakeFiles/logger_diy.elf.dir/Core/Src/BMP180.c.obj
                0x08001220                bmp_init
 *fill*         0x08001246        0x2 
 .text.get_ut   0x08001248       0x54 CMakeFiles/logger_diy.elf.dir/Core/Src/BMP180.c.obj
                0x08001248                get_ut
 .text.get_temp
                0x0800129c       0x64 CMakeFiles/logger_diy.elf.dir/Core/Src/BMP180.c.obj
                0x0800129c                get_temp
 .text.get_up   0x08001300       0x78 CMakeFiles/logger_diy.elf.dir/Core/Src/BMP180.c.obj
                0x08001300                get_up
 .text.get_pressure
                0x08001378      0x11c CMakeFiles/logger_diy.elf.dir/Core/Src/BMP180.c.obj
                0x08001378                get_pressure
 *fill*         0x08001494        0x4 
 .text.get_altitude
                0x08001498       0x78 CMakeFiles/logger_diy.elf.dir/Core/Src/BMP180.c.obj
                0x08001498                get_altitude
 .text.TMP_Read
                0x08001510       0x68 CMakeFiles/logger_diy.elf.dir/Core/Src/TMP112.c.obj
                0x08001510                TMP_Read
 .text.Display_Temperature
                0x08001578       0x3c CMakeFiles/logger_diy.elf.dir/Core/Src/TempTale.c.obj
                0x08001578                Display_Temperature
 .text.TempTale_init
                0x080015b4       0x14 CMakeFiles/logger_diy.elf.dir/Core/Src/TempTale.c.obj
                0x080015b4                TempTale_init
 .text.TempTale_Temperature_Refresh
                0x080015c8       0x12 CMakeFiles/logger_diy.elf.dir/Core/Src/TempTale.c.obj
                0x080015c8                TempTale_Temperature_Refresh
 *fill*         0x080015da        0x2 
 .text.TempTale_Pressure_Refresh
                0x080015dc       0x3c CMakeFiles/logger_diy.elf.dir/Core/Src/TempTale.c.obj
                0x080015dc                TempTale_Pressure_Refresh
 .text.TempTale_mode_executor
                0x08001618       0x1a CMakeFiles/logger_diy.elf.dir/Core/Src/TempTale.c.obj
                0x08001618                TempTale_mode_executor
 .text.TT_toggle_mode
                0x08001632       0x18 CMakeFiles/logger_diy.elf.dir/Core/Src/TempTale.c.obj
                0x08001632                TT_toggle_mode
 .text.TT_Row_To_Com
                0x0800164a        0x8 CMakeFiles/logger_diy.elf.dir/Core/Src/TempTale_LCD.c.obj
 .text.TT_Write_Segment
                0x08001652        0xa CMakeFiles/logger_diy.elf.dir/Core/Src/TempTale_LCD.c.obj
                0x08001652                TT_Write_Segment
 .text.TT_Segment_On
                0x0800165c       0x52 CMakeFiles/logger_diy.elf.dir/Core/Src/TempTale_LCD.c.obj
                0x0800165c                TT_Segment_On
 *fill*         0x080016ae        0x2 
 .text.TT_Print_Digit
                0x080016b0       0x38 CMakeFiles/logger_diy.elf.dir/Core/Src/TempTale_LCD.c.obj
                0x080016b0                TT_Print_Digit
 .text.TT_Display_Integer
                0x080016e8       0xc8 CMakeFiles/logger_diy.elf.dir/Core/Src/TempTale_LCD.c.obj
                0x080016e8                TT_Display_Integer
 .text.TT_Display_Decimal
                0x080017b0       0x36 CMakeFiles/logger_diy.elf.dir/Core/Src/TempTale_LCD.c.obj
                0x080017b0                TT_Display_Decimal
 *fill*         0x080017e6        0x2 
 .text.MX_GPIO_Init
                0x080017e8       0xe4 CMakeFiles/logger_diy.elf.dir/Core/Src/main.c.obj
 .text.TT_start_button_click_handler
                0x080018cc       0x10 CMakeFiles/logger_diy.elf.dir/Core/Src/main.c.obj
                0x080018cc                TT_start_button_click_handler
 .text.TT_start_button_long_press_handler
                0x080018dc       0x20 CMakeFiles/logger_diy.elf.dir/Core/Src/main.c.obj
                0x080018dc                TT_start_button_long_press_handler
 .text.TT_stop_button_long_press_handler
                0x080018fc       0x10 CMakeFiles/logger_diy.elf.dir/Core/Src/main.c.obj
                0x080018fc                TT_stop_button_long_press_handler
 .text.HAL_GPIO_EXTI_Callback
                0x0800190c       0x68 CMakeFiles/logger_diy.elf.dir/Core/Src/main.c.obj
                0x0800190c                HAL_GPIO_EXTI_Callback
 .text.sensors_refresh
                0x08001974       0x64 CMakeFiles/logger_diy.elf.dir/Core/Src/main.c.obj
                0x08001974                sensors_refresh
 .text.button_press_handler
                0x080019d8       0x3c CMakeFiles/logger_diy.elf.dir/Core/Src/main.c.obj
                0x080019d8                button_press_handler
 .text.Error_Handler
                0x08001a14        0x4 CMakeFiles/logger_diy.elf.dir/Core/Src/main.c.obj
                0x08001a14                Error_Handler
 .text.MX_LCD_Init
                0x08001a18       0x4c CMakeFiles/logger_diy.elf.dir/Core/Src/main.c.obj
 .text.MX_I2C1_Init
                0x08001a64       0x38 CMakeFiles/logger_diy.elf.dir/Core/Src/main.c.obj
 .text.SystemClock_Config
                0x08001a9c       0x88 CMakeFiles/logger_diy.elf.dir/Core/Src/main.c.obj
                0x08001a9c                SystemClock_Config
 .text.TT_enter_standby
                0x08001b24       0x48 CMakeFiles/logger_diy.elf.dir/Core/Src/main.c.obj
                0x08001b24                TT_enter_standby
 .text.main     0x08001b6c       0x98 CMakeFiles/logger_diy.elf.dir/Core/Src/main.c.obj
                0x08001b6c                main
 .text.HAL_MspInit
                0x08001c04       0x44 CMakeFiles/logger_diy.elf.dir/Core/Src/stm32l1xx_hal_msp.c.obj
                0x08001c04                HAL_MspInit
 .text.HAL_I2C_MspInit
                0x08001c48       0x68 CMakeFiles/logger_diy.elf.dir/Core/Src/stm32l1xx_hal_msp.c.obj
                0x08001c48                HAL_I2C_MspInit
 .text.HAL_LCD_MspInit
                0x08001cb0       0xc0 CMakeFiles/logger_diy.elf.dir/Core/Src/stm32l1xx_hal_msp.c.obj
                0x08001cb0                HAL_LCD_MspInit
 .text.HAL_LCD_MspDeInit
                0x08001d70       0x4c CMakeFiles/logger_diy.elf.dir/Core/Src/stm32l1xx_hal_msp.c.obj
                0x08001d70                HAL_LCD_MspDeInit
 .text.NMI_Handler
                0x08001dbc        0x2 CMakeFiles/logger_diy.elf.dir/Core/Src/stm32l1xx_it.c.obj
                0x08001dbc                NMI_Handler
 .text.HardFault_Handler
                0x08001dbe        0x2 CMakeFiles/logger_diy.elf.dir/Core/Src/stm32l1xx_it.c.obj
                0x08001dbe                HardFault_Handler
 .text.MemManage_Handler
                0x08001dc0        0x2 CMakeFiles/logger_diy.elf.dir/Core/Src/stm32l1xx_it.c.obj
                0x08001dc0                MemManage_Handler
 .text.BusFault_Handler
                0x08001dc2        0x2 CMakeFiles/logger_diy.elf.dir/Core/Src/stm32l1xx_it.c.obj
                0x08001dc2                BusFault_Handler
 .text.UsageFault_Handler
                0x08001dc4        0x2 CMakeFiles/logger_diy.elf.dir/Core/Src/stm32l1xx_it.c.obj
                0x08001dc4                UsageFault_Handler
 .text.SVC_Handler
                0x08001dc6        0x2 CMakeFiles/logger_diy.elf.dir/Core/Src/stm32l1xx_it.c.obj
                0x08001dc6                SVC_Handler
 .text.DebugMon_Handler
                0x08001dc8        0x2 CMakeFiles/logger_diy.elf.dir/Core/Src/stm32l1xx_it.c.obj
                0x08001dc8                DebugMon_Handler
 .text.PendSV_Handler
                0x08001dca        0x2 CMakeFiles/logger_diy.elf.dir/Core/Src/stm32l1xx_it.c.obj
                0x08001dca                PendSV_Handler
 .text.SysTick_Handler
                0x08001dcc        0x8 CMakeFiles/logger_diy.elf.dir/Core/Src/stm32l1xx_it.c.obj
                0x08001dcc                SysTick_Handler
 .text.EXTI0_IRQHandler
                0x08001dd4        0xa CMakeFiles/logger_diy.elf.dir/Core/Src/stm32l1xx_it.c.obj
                0x08001dd4                EXTI0_IRQHandler
 .text.EXTI1_IRQHandler
                0x08001dde        0xa CMakeFiles/logger_diy.elf.dir/Core/Src/stm32l1xx_it.c.obj
                0x08001dde                EXTI1_IRQHandler
 .text.SystemInit
                0x08001de8        0x2 CMakeFiles/logger_diy.elf.dir/Core/Src/system_stm32l1xx.c.obj
                0x08001de8                SystemInit
 *fill*         0x08001dea        0x2 
 .text.Reset_Handler
                0x08001dec       0x48 CMakeFiles/logger_diy.elf.dir/Core/Startup/startup_stm32l152rctx.s.obj
                0x08001dec                Reset_Handler
 .text.Default_Handler
                0x08001e34        0x2 CMakeFiles/logger_diy.elf.dir/Core/Startup/startup_stm32l152rctx.s.obj
                0x08001e34                RTC_Alarm_IRQHandler
                0x08001e34                EXTI2_IRQHandler
                0x08001e34                COMP_ACQ_IRQHandler
                0x08001e34                TIM10_IRQHandler
                0x08001e34                USB_HP_IRQHandler
                0x08001e34                TIM6_IRQHandler
                0x08001e34                PVD_IRQHandler
                0x08001e34                EXTI3_IRQHandler
                0x08001e34                I2C2_EV_IRQHandler
                0x08001e34                SPI1_IRQHandler
                0x08001e34                USB_FS_WKUP_IRQHandler
                0x08001e34                DMA2_Channel2_IRQHandler
                0x08001e34                DMA1_Channel4_IRQHandler
                0x08001e34                ADC1_IRQHandler
                0x08001e34                USART3_IRQHandler
                0x08001e34                DMA1_Channel7_IRQHandler
                0x08001e34                LCD_IRQHandler
                0x08001e34                TIM4_IRQHandler
                0x08001e34                DMA2_Channel1_IRQHandler
                0x08001e34                I2C1_EV_IRQHandler
                0x08001e34                DMA1_Channel6_IRQHandler
                0x08001e34                DMA2_Channel4_IRQHandler
                0x08001e34                TIM3_IRQHandler
                0x08001e34                RCC_IRQHandler
                0x08001e34                DMA1_Channel1_IRQHandler
                0x08001e34                Default_Handler
                0x08001e34                EXTI15_10_IRQHandler
                0x08001e34                TIM7_IRQHandler
                0x08001e34                TIM5_IRQHandler
                0x08001e34                EXTI9_5_IRQHandler
                0x08001e34                TIM9_IRQHandler
                0x08001e34                TAMPER_STAMP_IRQHandler
                0x08001e34                RTC_WKUP_IRQHandler
                0x08001e34                SPI2_IRQHandler
                0x08001e34                DMA2_Channel5_IRQHandler
                0x08001e34                DMA1_Channel5_IRQHandler
                0x08001e34                USB_LP_IRQHandler
                0x08001e34                EXTI4_IRQHandler
                0x08001e34                DMA1_Channel3_IRQHandler
                0x08001e34                COMP_IRQHandler
                0x08001e34                WWDG_IRQHandler
                0x08001e34                TIM2_IRQHandler
                0x08001e34                DAC_IRQHandler
                0x08001e34                TIM11_IRQHandler
                0x08001e34                USART2_IRQHandler
                0x08001e34                I2C2_ER_IRQHandler
                0x08001e34                DMA1_Channel2_IRQHandler
                0x08001e34                FLASH_IRQHandler
                0x08001e34                USART1_IRQHandler
                0x08001e34                SPI3_IRQHandler
                0x08001e34                I2C1_ER_IRQHandler
                0x08001e34                DMA2_Channel3_IRQHandler
 *fill*         0x08001e36        0x2 
 .text.HAL_InitTick
                0x08001e38       0x50 CMakeFiles/logger_diy.elf.dir/Drivers/STM32L1xx_HAL_Driver/Src/stm32l1xx_hal.c.obj
                0x08001e38                HAL_InitTick
 .text.HAL_Init
                0x08001e88       0x1e CMakeFiles/logger_diy.elf.dir/Drivers/STM32L1xx_HAL_Driver/Src/stm32l1xx_hal.c.obj
                0x08001e88                HAL_Init
 *fill*         0x08001ea6        0x2 
 .text.HAL_IncTick
                0x08001ea8       0x18 CMakeFiles/logger_diy.elf.dir/Drivers/STM32L1xx_HAL_Driver/Src/stm32l1xx_hal.c.obj
                0x08001ea8                HAL_IncTick
 .text.HAL_GetTick
                0x08001ec0        0xc CMakeFiles/logger_diy.elf.dir/Drivers/STM32L1xx_HAL_Driver/Src/stm32l1xx_hal.c.obj
                0x08001ec0                HAL_GetTick
 .text.HAL_Delay
                0x08001ecc       0x28 CMakeFiles/logger_diy.elf.dir/Drivers/STM32L1xx_HAL_Driver/Src/stm32l1xx_hal.c.obj
                0x08001ecc                HAL_Delay
 .text.HAL_SuspendTick
                0x08001ef4        0xe CMakeFiles/logger_diy.elf.dir/Drivers/STM32L1xx_HAL_Driver/Src/stm32l1xx_hal.c.obj
                0x08001ef4                HAL_SuspendTick
 *fill*         0x08001f02        0x2 
 .text.__NVIC_SetPriority
                0x08001f04       0x28 CMakeFiles/logger_diy.elf.dir/Drivers/STM32L1xx_HAL_Driver/Src/stm32l1xx_hal_cortex.c.obj
 .text.NVIC_EncodePriority
                0x08001f2c       0x3e CMakeFiles/logger_diy.elf.dir/Drivers/STM32L1xx_HAL_Driver/Src/stm32l1xx_hal_cortex.c.obj
 *fill*         0x08001f6a        0x2 
 .text.HAL_NVIC_SetPriorityGrouping
                0x08001f6c       0x24 CMakeFiles/logger_diy.elf.dir/Drivers/STM32L1xx_HAL_Driver/Src/stm32l1xx_hal_cortex.c.obj
                0x08001f6c                HAL_NVIC_SetPriorityGrouping
 .text.HAL_NVIC_SetPriority
                0x08001f90       0x20 CMakeFiles/logger_diy.elf.dir/Drivers/STM32L1xx_HAL_Driver/Src/stm32l1xx_hal_cortex.c.obj
                0x08001f90                HAL_NVIC_SetPriority
 .text.HAL_NVIC_EnableIRQ
                0x08001fb0       0x1c CMakeFiles/logger_diy.elf.dir/Drivers/STM32L1xx_HAL_Driver/Src/stm32l1xx_hal_cortex.c.obj
                0x08001fb0                HAL_NVIC_EnableIRQ
 .text.HAL_SYSTICK_Config
                0x08001fcc       0x28 CMakeFiles/logger_diy.elf.dir/Drivers/STM32L1xx_HAL_Driver/Src/stm32l1xx_hal_cortex.c.obj
                0x08001fcc                HAL_SYSTICK_Config
 .text.HAL_GPIO_Init
                0x08001ff4      0x1d0 CMakeFiles/logger_diy.elf.dir/Drivers/STM32L1xx_HAL_Driver/Src/stm32l1xx_hal_gpio.c.obj
                0x08001ff4                HAL_GPIO_Init
 .text.HAL_GPIO_DeInit
                0x080021c4      0x10c CMakeFiles/logger_diy.elf.dir/Drivers/STM32L1xx_HAL_Driver/Src/stm32l1xx_hal_gpio.c.obj
                0x080021c4                HAL_GPIO_DeInit
 .text.HAL_GPIO_ReadPin
                0x080022d0        0xe CMakeFiles/logger_diy.elf.dir/Drivers/STM32L1xx_HAL_Driver/Src/stm32l1xx_hal_gpio.c.obj
                0x080022d0                HAL_GPIO_ReadPin
 .text.HAL_GPIO_WritePin
                0x080022de        0xc CMakeFiles/logger_diy.elf.dir/Drivers/STM32L1xx_HAL_Driver/Src/stm32l1xx_hal_gpio.c.obj
                0x080022de                HAL_GPIO_WritePin
 .text.HAL_GPIO_TogglePin
                0x080022ea       0x12 CMakeFiles/logger_diy.elf.dir/Drivers/STM32L1xx_HAL_Driver/Src/stm32l1xx_hal_gpio.c.obj
                0x080022ea                HAL_GPIO_TogglePin
 .text.HAL_GPIO_EXTI_IRQHandler
                0x080022fc       0x1c CMakeFiles/logger_diy.elf.dir/Drivers/STM32L1xx_HAL_Driver/Src/stm32l1xx_hal_gpio.c.obj
                0x080022fc                HAL_GPIO_EXTI_IRQHandler
 .text.I2C_IsAcknowledgeFailed
                0x08002318       0x32 CMakeFiles/logger_diy.elf.dir/Drivers/STM32L1xx_HAL_Driver/Src/stm32l1xx_hal_i2c.c.obj
 .text.I2C_WaitOnFlagUntilTimeout
                0x0800234a       0xaa CMakeFiles/logger_diy.elf.dir/Drivers/STM32L1xx_HAL_Driver/Src/stm32l1xx_hal_i2c.c.obj
 .text.I2C_WaitOnMasterAddressFlagUntilTimeout
                0x080023f4       0xd6 CMakeFiles/logger_diy.elf.dir/Drivers/STM32L1xx_HAL_Driver/Src/stm32l1xx_hal_i2c.c.obj
 *fill*         0x080024ca        0x2 
 .text.I2C_MasterRequestWrite
                0x080024cc       0xb4 CMakeFiles/logger_diy.elf.dir/Drivers/STM32L1xx_HAL_Driver/Src/stm32l1xx_hal_i2c.c.obj
 .text.I2C_MasterRequestRead
                0x08002580      0x120 CMakeFiles/logger_diy.elf.dir/Drivers/STM32L1xx_HAL_Driver/Src/stm32l1xx_hal_i2c.c.obj
 .text.I2C_WaitOnTXEFlagUntilTimeout
                0x080026a0       0x5e CMakeFiles/logger_diy.elf.dir/Drivers/STM32L1xx_HAL_Driver/Src/stm32l1xx_hal_i2c.c.obj
 *fill*         0x080026fe        0x2 
 .text.I2C_RequestMemoryWrite
                0x08002700       0xd8 CMakeFiles/logger_diy.elf.dir/Drivers/STM32L1xx_HAL_Driver/Src/stm32l1xx_hal_i2c.c.obj
 .text.I2C_RequestMemoryRead
                0x080027d8      0x154 CMakeFiles/logger_diy.elf.dir/Drivers/STM32L1xx_HAL_Driver/Src/stm32l1xx_hal_i2c.c.obj
 .text.I2C_WaitOnBTFFlagUntilTimeout
                0x0800292c       0x5e CMakeFiles/logger_diy.elf.dir/Drivers/STM32L1xx_HAL_Driver/Src/stm32l1xx_hal_i2c.c.obj
 .text.I2C_WaitOnRXNEFlagUntilTimeout
                0x0800298a       0x78 CMakeFiles/logger_diy.elf.dir/Drivers/STM32L1xx_HAL_Driver/Src/stm32l1xx_hal_i2c.c.obj
 *fill*         0x08002a02        0x2 
 .text.HAL_I2C_Init
                0x08002a04      0x1bc CMakeFiles/logger_diy.elf.dir/Drivers/STM32L1xx_HAL_Driver/Src/stm32l1xx_hal_i2c.c.obj
                0x08002a04                HAL_I2C_Init
 .text.HAL_I2C_Master_Transmit
                0x08002bc0      0x178 CMakeFiles/logger_diy.elf.dir/Drivers/STM32L1xx_HAL_Driver/Src/stm32l1xx_hal_i2c.c.obj
                0x08002bc0                HAL_I2C_Master_Transmit
 .text.HAL_I2C_Master_Receive
                0x08002d38      0x2fc CMakeFiles/logger_diy.elf.dir/Drivers/STM32L1xx_HAL_Driver/Src/stm32l1xx_hal_i2c.c.obj
                0x08002d38                HAL_I2C_Master_Receive
 .text.HAL_I2C_Mem_Write
                0x08003034      0x164 CMakeFiles/logger_diy.elf.dir/Drivers/STM32L1xx_HAL_Driver/Src/stm32l1xx_hal_i2c.c.obj
                0x08003034                HAL_I2C_Mem_Write
 .text.HAL_I2C_Mem_Read
                0x08003198      0x2e4 CMakeFiles/logger_diy.elf.dir/Drivers/STM32L1xx_HAL_Driver/Src/stm32l1xx_hal_i2c.c.obj
                0x08003198                HAL_I2C_Mem_Read
 .text.HAL_LCD_Write
                0x0800347c       0x8a CMakeFiles/logger_diy.elf.dir/Drivers/STM32L1xx_HAL_Driver/Src/stm32l1xx_hal_lcd.c.obj
                0x0800347c                HAL_LCD_Write
 .text.HAL_LCD_UpdateDisplayRequest
                0x08003506       0x4c CMakeFiles/logger_diy.elf.dir/Drivers/STM32L1xx_HAL_Driver/Src/stm32l1xx_hal_lcd.c.obj
                0x08003506                HAL_LCD_UpdateDisplayRequest
 .text.HAL_LCD_Clear
                0x08003552       0x7a CMakeFiles/logger_diy.elf.dir/Drivers/STM32L1xx_HAL_Driver/Src/stm32l1xx_hal_lcd.c.obj
                0x08003552                HAL_LCD_Clear
 .text.LCD_WaitForSynchro
                0x080035cc       0x2c CMakeFiles/logger_diy.elf.dir/Drivers/STM32L1xx_HAL_Driver/Src/stm32l1xx_hal_lcd.c.obj
                0x080035cc                LCD_WaitForSynchro
 .text.HAL_LCD_DeInit
                0x080035f8       0x48 CMakeFiles/logger_diy.elf.dir/Drivers/STM32L1xx_HAL_Driver/Src/stm32l1xx_hal_lcd.c.obj
                0x080035f8                HAL_LCD_DeInit
 .text.HAL_LCD_Init
                0x08003640       0xf6 CMakeFiles/logger_diy.elf.dir/Drivers/STM32L1xx_HAL_Driver/Src/stm32l1xx_hal_lcd.c.obj
                0x08003640                HAL_LCD_Init
 *fill*         0x08003736        0x2 
 .text.HAL_PWR_EnterSTOPMode
                0x08003738       0x38 CMakeFiles/logger_diy.elf.dir/Drivers/STM32L1xx_HAL_Driver/Src/stm32l1xx_hal_pwr.c.obj
                0x08003738                HAL_PWR_EnterSTOPMode
 .text.HAL_PWR_EnterSTANDBYMode
                0x08003770       0x20 CMakeFiles/logger_diy.elf.dir/Drivers/STM32L1xx_HAL_Driver/Src/stm32l1xx_hal_pwr.c.obj
                0x08003770                HAL_PWR_EnterSTANDBYMode
 .text.RCC_SetFlashLatencyFromMSIRange
                0x08003790       0x90 CMakeFiles/logger_diy.elf.dir/Drivers/STM32L1xx_HAL_Driver/Src/stm32l1xx_hal_rcc.c.obj
 .text.HAL_RCC_OscConfig
                0x08003820      0x4f8 CMakeFiles/logger_diy.elf.dir/Drivers/STM32L1xx_HAL_Driver/Src/stm32l1xx_hal_rcc.c.obj
                0x08003820                HAL_RCC_OscConfig
 .text.HAL_RCC_GetSysClockFreq
                0x08003d18       0xdc CMakeFiles/logger_diy.elf.dir/Drivers/STM32L1xx_HAL_Driver/Src/stm32l1xx_hal_rcc.c.obj
                0x08003d18                HAL_RCC_GetSysClockFreq
 .text.HAL_RCC_ClockConfig
                0x08003df4      0x1cc CMakeFiles/logger_diy.elf.dir/Drivers/STM32L1xx_HAL_Driver/Src/stm32l1xx_hal_rcc.c.obj
                0x08003df4                HAL_RCC_ClockConfig
 .text.HAL_RCC_GetHCLKFreq
                0x08003fc0        0xc CMakeFiles/logger_diy.elf.dir/Drivers/STM32L1xx_HAL_Driver/Src/stm32l1xx_hal_rcc.c.obj
                0x08003fc0                HAL_RCC_GetHCLKFreq
 .text.HAL_RCC_GetPCLK1Freq
                0x08003fcc       0x20 CMakeFiles/logger_diy.elf.dir/Drivers/STM32L1xx_HAL_Driver/Src/stm32l1xx_hal_rcc.c.obj
                0x08003fcc                HAL_RCC_GetPCLK1Freq
 .text.HAL_RCCEx_PeriphCLKConfig
                0x08003fec      0x198 CMakeFiles/logger_diy.elf.dir/Drivers/STM32L1xx_HAL_Driver/Src/stm32l1xx_hal_rcc_ex.c.obj
                0x08003fec                HAL_RCCEx_PeriphCLKConfig
 .text.__udivmoddi4
                0x08004184      0x2a0 /usr/lib/gcc/arm-none-eabi/13.2.0/thumb/v7-m/nofp/libgcc.a(_udivmoddi4.o)
                0x08004184                __udivmoddi4
 .text.atexit   0x08004424        0xc /usr/lib/gcc/arm-none-eabi/13.2.0/../../../../arm-none-eabi/lib/thumb/v7-m/nofp/libg.a(libc_a-atexit.o)
                0x08004424                atexit
 .text.memset   0x08004430       0xa0 /usr/lib/gcc/arm-none-eabi/13.2.0/../../../../arm-none-eabi/lib/thumb/v7-m/nofp/libg.a(libc_a-memset.o)
                0x08004430                memset
 .text.__errno  0x080044d0        0xc /usr/lib/gcc/arm-none-eabi/13.2.0/../../../../arm-none-eabi/lib/thumb/v7-m/nofp/libg.a(libc_a-errno.o)
                0x080044d0                __errno
 .text.__libc_init_array
                0x080044dc       0x50 /usr/lib/gcc/arm-none-eabi/13.2.0/../../../../arm-none-eabi/lib/thumb/v7-m/nofp/libg.a(libc_a-init.o)
                0x080044dc                __libc_init_array
 .text.__libc_fini_array
                0x0800452c       0x28 /usr/lib/gcc/arm-none-eabi/13.2.0/../../../../arm-none-eabi/lib/thumb/v7-m/nofp/libg.a(libc_a-fini.o)
                0x0800452c                __libc_fini_array
 .text.__retarget_lock_acquire_recursive
                0x08004554        0x4 /usr/lib/gcc/arm-none-eabi/13.2.0/../../../../arm-none-eabi/lib/thumb/v7-m/nofp/libg.a(libc_a-lock.o)
                0x08004554                __retarget_lock_acquire_recursive
 .text.__retarget_lock_release_recursive
                0x08004558        0x4 /usr/lib/gcc/arm-none-eabi/13.2.0/../../../../arm-none-eabi/lib/thumb/v7-m/nofp/libg.a(libc_a-lock.o)
                0x08004558                __retarget_lock_release_recursive
 .text.__register_exitproc
                0x0800455c       0x80 /usr/lib/gcc/arm-none-eabi/13.2.0/../../../../arm-none-eabi/lib/thumb/v7-m/nofp/libg.a(libc_a-__atexit.o)
                0x0800455c                __register_exitproc
 .text.startup.register_fini
                0x080045dc       0x14 /usr/lib/gcc/arm-none-eabi/13.2.0/../../../../arm-none-eabi/lib/thumb/v7-m/nofp/libg.a(libc_a-__call_atexit.o)
 .text.pow      0x080045f0       0xdc /usr/lib/gcc/arm-none-eabi/13.2.0/../../../../arm-none-eabi/lib/thumb/v7-m/nofp/libm.a(libm_a-w_pow.o)
                0x080045f0                pow
 .text.finite   0x080046cc        0xc /usr/lib/gcc/arm-none-eabi/13.2.0/../../../../arm-none-eabi/lib/thumb/v7-m/nofp/libm.a(libm_a-s_finite.o)
                0x080046cc                finite
 .text.__ieee754_pow
                0x080046d8      0xb4c /usr/lib/gcc/arm-none-eabi/13.2.0/../../../../arm-none-eabi/lib/thumb/v7-m/nofp/libm.a(libm_a-e_pow.o)
                0x080046d8                __ieee754_pow
 .text.fabs     0x08005224        0x8 /usr/lib/gcc/arm-none-eabi/13.2.0/../../../../arm-none-eabi/lib/thumb/v7-m/nofp/libm.a(libm_a-s_fabs.o)
                0x08005224                fabs
 *fill*         0x0800522c        0x4 
 .text.scalbn   0x08005230      0x104 /usr/lib/gcc/arm-none-eabi/13.2.0/../../../../arm-none-eabi/lib/thumb/v7-m/nofp/libm.a(libm_a-s_scalbn.o)
                0x08005230                scalbn
 .text.with_errno
                0x08005334       0x18 /usr/lib/gcc/arm-none-eabi/13.2.0/../../../../arm-none-eabi/lib/thumb/v7-m/nofp/libm.a(libm_a-math_err.o)
 .text.xflow    0x0800534c       0x28 /usr/lib/gcc/arm-none-eabi/13.2.0/../../../../arm-none-eabi/lib/thumb/v7-m/nofp/libm.a(libm_a-math_err.o)
 .text.__math_uflow
                0x08005374        0xc /usr/lib/gcc/arm-none-eabi/13.2.0/../../../../arm-none-eabi/lib/thumb/v7-m/nofp/libm.a(libm_a-math_err.o)
                0x08005374                __math_uflow
 .text.__math_oflow
                0x08005380        0xc /usr/lib/gcc/arm-none-eabi/13.2.0/../../../../arm-none-eabi/lib/thumb/v7-m/nofp/libm.a(libm_a-math_err.o)
                0x08005380                __math_oflow
 .text.__ieee754_sqrt
                0x0800538c      0x1dc /usr/lib/gcc/arm-none-eabi/13.2.0/../../../../arm-none-eabi/lib/thumb/v7-m/nofp/libm.a(libm_a-e_sqrt.o)
                0x0800538c                __ieee754_sqrt
 *(.glue_7)
 .glue_7        0x08005568        0x0 linker stubs
 *(.glue_7t)
 .glue_7t       0x08005568        0x0 linker stubs
 *(.eh_frame)
 .eh_frame      0x08005568        0x0 /usr/lib/gcc/arm-none-eabi/13.2.0/thumb/v7-m/nofp/crtbegin.o
 *(.init)
 .init          0x08005568        0x4 /usr/lib/gcc/arm-none-eabi/13.2.0/thumb/v7-m/nofp/crti.o
                0x08005568                _init
 .init          0x0800556c        0x8 /usr/lib/gcc/arm-none-eabi/13.2.0/thumb/v7-m/nofp/crtn.o
 *(.fini)
 .fini          0x08005574        0x4 /usr/lib/gcc/arm-none-eabi/13.2.0/thumb/v7-m/nofp/crti.o
                0x08005574                _fini
 .fini          0x08005578        0x8 /usr/lib/gcc/arm-none-eabi/13.2.0/thumb/v7-m/nofp/crtn.o
                0x08005580                        . = ALIGN (0x4)
                0x08005580                        _etext = .

.vfp11_veneer   0x08005580        0x0
 .vfp11_veneer  0x08005580        0x0 linker stubs

.v4_bx          0x08005580        0x0
 .v4_bx         0x08005580        0x0 linker stubs

.iplt           0x08005580        0x0
 .iplt          0x08005580        0x0 /usr/lib/gcc/arm-none-eabi/13.2.0/thumb/v7-m/nofp/crtbegin.o

.rodata         0x08005580       0x30
                0x08005580                        . = ALIGN (0x4)
 *(.rodata)
 *(.rodata*)
 .rodata.TT_BCD_LUT
                0x08005580        0xa CMakeFiles/logger_diy.elf.dir/Core/Src/TempTale_LCD.c.obj
                0x08005580                TT_BCD_LUT
 *fill*         0x0800558a        0x2 
 .rodata.APBPrescTable
                0x0800558c        0x8 CMakeFiles/logger_diy.elf.dir/Core/Src/system_stm32l1xx.c.obj
                0x0800558c                APBPrescTable
 .rodata.AHBPrescTable
                0x08005594       0x10 CMakeFiles/logger_diy.elf.dir/Core/Src/system_stm32l1xx.c.obj
                0x08005594                AHBPrescTable
 .rodata.PLLMulTable
                0x080055a4        0x9 CMakeFiles/logger_diy.elf.dir/Core/Src/system_stm32l1xx.c.obj
                0x080055a4                PLLMulTable
                0x080055b0                        . = ALIGN (0x4)
 *fill*         0x080055ad        0x3 

.ARM.extab      0x080055b0        0x0
                0x080055b0                        . = ALIGN (0x4)
 *(.ARM.extab* .gnu.linkonce.armextab.*)
                0x080055b0                        . = ALIGN (0x4)

.ARM            0x080055b0        0x8
                0x080055b0                        . = ALIGN (0x4)
                0x080055b0                        __exidx_start = .
 *(.ARM.exidx*)
 .ARM.exidx.text.__udivmoddi4
                0x080055b0        0x8 /usr/lib/gcc/arm-none-eabi/13.2.0/thumb/v7-m/nofp/libgcc.a(_udivmoddi4.o)
                0x080055b8                        __exidx_end = .
                0x080055b8                        . = ALIGN (0x4)

.rel.dyn        0x080055b8        0x0
 .rel.iplt      0x080055b8        0x0 /usr/lib/gcc/arm-none-eabi/13.2.0/thumb/v7-m/nofp/crtbegin.o

.preinit_array  0x080055b8        0x0
                0x080055b8                        . = ALIGN (0x4)
                0x080055b8                        PROVIDE (__preinit_array_start = .)
 *(.preinit_array*)
                0x080055b8                        PROVIDE (__preinit_array_end = .)
                0x080055b8                        . = ALIGN (0x4)

.init_array     0x080055b8        0x8
                0x080055b8                        . = ALIGN (0x4)
                0x080055b8                        PROVIDE (__init_array_start = .)
 *(SORT_BY_NAME(.init_array.*))
 .init_array.00000
                0x080055b8        0x4 /usr/lib/gcc/arm-none-eabi/13.2.0/../../../../arm-none-eabi/lib/thumb/v7-m/nofp/libg.a(libc_a-__call_atexit.o)
 *(.init_array*)
 .init_array    0x080055bc        0x4 /usr/lib/gcc/arm-none-eabi/13.2.0/thumb/v7-m/nofp/crtbegin.o
                0x080055c0                        PROVIDE (__init_array_end = .)
                0x080055c0                        . = ALIGN (0x4)

.fini_array     0x080055c0        0x4
                0x080055c0                        . = ALIGN (0x4)
                0x080055c0                        PROVIDE (__fini_array_start = .)
 *(SORT_BY_NAME(.fini_array.*))
 *(.fini_array*)
 .fini_array    0x080055c0        0x4 /usr/lib/gcc/arm-none-eabi/13.2.0/thumb/v7-m/nofp/crtbegin.o
                0x080055c4                        PROVIDE (__fini_array_end = .)
                0x080055c4                        . = ALIGN (0x4)
                0x080055c4                        _sidata = LOADADDR (.data)

.data           0x20000000      0x148 load address 0x080055c4
                0x20000000                        . = ALIGN (0x4)
                0x20000000                        _sdata = .
 *(.data)
 *(.data*)
 .data.SystemCoreClock
                0x20000000        0x4 CMakeFiles/logger_diy.elf.dir/Core/Src/system_stm32l1xx.c.obj
                0x20000000                SystemCoreClock
 .data.uwTickFreq
                0x20000004        0x4 CMakeFiles/logger_diy.elf.dir/Drivers/STM32L1xx_HAL_Driver/Src/stm32l1xx_hal.c.obj
                0x20000004                uwTickFreq
 .data.uwTickPrio
                0x20000008        0x4 CMakeFiles/logger_diy.elf.dir/Drivers/STM32L1xx_HAL_Driver/Src/stm32l1xx_hal.c.obj
                0x20000008                uwTickPrio
 .data._impure_ptr
                0x2000000c        0x4 /usr/lib/gcc/arm-none-eabi/13.2.0/../../../../arm-none-eabi/lib/thumb/v7-m/nofp/libg.a(libc_a-impure.o)
                0x2000000c                _impure_ptr
 .data._impure_data
                0x20000010      0x120 /usr/lib/gcc/arm-none-eabi/13.2.0/../../../../arm-none-eabi/lib/thumb/v7-m/nofp/libg.a(libc_a-impure.o)
                0x20000010                _impure_data
 .data.__atexit_recursive_mutex
                0x20000130        0x4 /usr/lib/gcc/arm-none-eabi/13.2.0/../../../../arm-none-eabi/lib/thumb/v7-m/nofp/libg.a(libc_a-__call_atexit.o)
                0x20000130                __atexit_recursive_mutex
 *fill*         0x20000134        0x4 
 .data.tiny     0x20000138        0x8 /usr/lib/gcc/arm-none-eabi/13.2.0/../../../../arm-none-eabi/lib/thumb/v7-m/nofp/libm.a(libm_a-e_sqrt.o)
 .data.one      0x20000140        0x8 /usr/lib/gcc/arm-none-eabi/13.2.0/../../../../arm-none-eabi/lib/thumb/v7-m/nofp/libm.a(libm_a-e_sqrt.o)
 *(.RamFunc)
 *(.RamFunc*)
                0x20000148                        . = ALIGN (0x4)
                0x20000148                        _edata = .

.igot.plt       0x20000148        0x0 load address 0x0800570c
 .igot.plt      0x20000148        0x0 /usr/lib/gcc/arm-none-eabi/13.2.0/thumb/v7-m/nofp/crtbegin.o
                0x20000148                        . = ALIGN (0x4)

.bss            0x20000148      0x3e0 load address 0x0800570c
                0x20000148                        _sbss = .
                0x20000148                        __bss_start__ = _sbss
 *(.bss)
 *(.bss*)
 .bss.completed.1
                0x20000148        0x1 /usr/lib/gcc/arm-none-eabi/13.2.0/thumb/v7-m/nofp/crtbegin.o
 *fill*         0x20000149        0x3 
 .bss.object.0  0x2000014c       0x18 /usr/lib/gcc/arm-none-eabi/13.2.0/thumb/v7-m/nofp/crtbegin.o
 .bss.bmp       0x20000164       0x3c CMakeFiles/logger_diy.elf.dir/Core/Src/BMP180.c.obj
                0x20000164                bmp
 .bss.hlcd      0x200001a0       0x3c CMakeFiles/logger_diy.elf.dir/Core/Src/main.c.obj
                0x200001a0                hlcd
 .bss.hi2c1     0x200001dc       0x54 CMakeFiles/logger_diy.elf.dir/Core/Src/main.c.obj
                0x200001dc                hi2c1
 .bss.device    0x20000230       0x1c CMakeFiles/logger_diy.elf.dir/Core/Src/main.c.obj
                0x20000230                device
 .bss.sensor    0x2000024c        0x8 CMakeFiles/logger_diy.elf.dir/Core/Src/main.c.obj
                0x2000024c                sensor
 .bss.uwTick    0x20000254        0x4 CMakeFiles/logger_diy.elf.dir/Drivers/STM32L1xx_HAL_Driver/Src/stm32l1xx_hal.c.obj
                0x20000254                uwTick
 .bss.__sf      0x20000258      0x138 /usr/lib/gcc/arm-none-eabi/13.2.0/../../../../arm-none-eabi/lib/thumb/v7-m/nofp/libg.a(libc_a-findfp.o)
                0x20000258                __sf
 .bss.__lock___atexit_recursive_mutex
                0x20000390        0x1 /usr/lib/gcc/arm-none-eabi/13.2.0/../../../../arm-none-eabi/lib/thumb/v7-m/nofp/libg.a(libc_a-lock.o)
                0x20000390                __lock___atexit_recursive_mutex
 *fill*         0x20000391        0x3 
 .bss.__atexit0
                0x20000394      0x190 /usr/lib/gcc/arm-none-eabi/13.2.0/../../../../arm-none-eabi/lib/thumb/v7-m/nofp/libg.a(libc_a-__atexit.o)
                0x20000394                __atexit0
 .bss.__atexit  0x20000524        0x4 /usr/lib/gcc/arm-none-eabi/13.2.0/../../../../arm-none-eabi/lib/thumb/v7-m/nofp/libg.a(libc_a-__call_atexit.o)
                0x20000524                __atexit
 *(COMMON)
                0x20000528                        . = ALIGN (0x4)
                0x20000528                        _ebss = .
                0x20000528                        __bss_end__ = _ebss

._user_heap_stack
                0x20000528      0x600 load address 0x0800570c
                0x20000528                        . = ALIGN (0x8)
                [!provide]                        PROVIDE (end = .)
                0x20000528                        PROVIDE (_end = .)
                0x20000728                        . = (. + _Min_Heap_Size)
 *fill*         0x20000528      0x200 
                0x20000b28                        . = (. + _Min_Stack_Size)
 *fill*         0x20000728      0x400 
                0x20000b28                        . = ALIGN (0x8)

/DISCARD/
 libc.a(*)
 libm.a(*)
 libgcc.a(*)

.ARM.attributes
                0x00000000       0x29
 *(.ARM.attributes)
 .ARM.attributes
                0x00000000       0x1d /usr/lib/gcc/arm-none-eabi/13.2.0/thumb/v7-m/nofp/crti.o
 .ARM.attributes
                0x0000001d       0x2d /usr/lib/gcc/arm-none-eabi/13.2.0/thumb/v7-m/nofp/crtbegin.o
 .ARM.attributes
                0x0000004a       0x2d CMakeFiles/logger_diy.elf.dir/Core/Src/BMP180.c.obj
 .ARM.attributes
                0x00000077       0x2d CMakeFiles/logger_diy.elf.dir/Core/Src/TMP112.c.obj
 .ARM.attributes
                0x000000a4       0x2d CMakeFiles/logger_diy.elf.dir/Core/Src/TempTale.c.obj
 .ARM.attributes
                0x000000d1       0x2d CMakeFiles/logger_diy.elf.dir/Core/Src/TempTale_LCD.c.obj
 .ARM.attributes
                0x000000fe       0x2d CMakeFiles/logger_diy.elf.dir/Core/Src/main.c.obj
 .ARM.attributes
                0x0000012b       0x2d CMakeFiles/logger_diy.elf.dir/Core/Src/stm32l1xx_hal_msp.c.obj
 .ARM.attributes
                0x00000158       0x2d CMakeFiles/logger_diy.elf.dir/Core/Src/stm32l1xx_it.c.obj
 .ARM.attributes
                0x00000185       0x2d CMakeFiles/logger_diy.elf.dir/Core/Src/system_stm32l1xx.c.obj
 .ARM.attributes
                0x000001b2       0x21 CMakeFiles/logger_diy.elf.dir/Core/Startup/startup_stm32l152rctx.s.obj
 .ARM.attributes
                0x000001d3       0x2d CMakeFiles/logger_diy.elf.dir/Drivers/STM32L1xx_HAL_Driver/Src/stm32l1xx_hal.c.obj
 .ARM.attributes
                0x00000200       0x2d CMakeFiles/logger_diy.elf.dir/Drivers/STM32L1xx_HAL_Driver/Src/stm32l1xx_hal_cortex.c.obj
 .ARM.attributes
                0x0000022d       0x2d CMakeFiles/logger_diy.elf.dir/Drivers/STM32L1xx_HAL_Driver/Src/stm32l1xx_hal_gpio.c.obj
 .ARM.attributes
                0x0000025a       0x2d CMakeFiles/logger_diy.elf.dir/Drivers/STM32L1xx_HAL_Driver/Src/stm32l1xx_hal_i2c.c.obj
 .ARM.attributes
                0x00000287       0x2d CMakeFiles/logger_diy.elf.dir/Drivers/STM32L1xx_HAL_Driver/Src/stm32l1xx_hal_lcd.c.obj
 .ARM.attributes
                0x000002b4       0x2d CMakeFiles/logger_diy.elf.dir/Drivers/STM32L1xx_HAL_Driver/Src/stm32l1xx_hal_pwr.c.obj
 .ARM.attributes
                0x000002e1       0x2d CMakeFiles/logger_diy.elf.dir/Drivers/STM32L1xx_HAL_Driver/Src/stm32l1xx_hal_rcc.c.obj
 .ARM.attributes
                0x0000030e       0x2d CMakeFiles/logger_diy.elf.dir/Drivers/STM32L1xx_HAL_Driver/Src/stm32l1xx_hal_rcc_ex.c.obj
 .ARM.attributes
                0x0000033b       0x1d /usr/lib/gcc/arm-none-eabi/13.2.0/thumb/v7-m/nofp/libgcc.a(_arm_addsubdf3.o)
 .ARM.attributes
                0x00000358       0x1d /usr/lib/gcc/arm-none-eabi/13.2.0/thumb/v7-m/nofp/libgcc.a(_arm_truncdfsf2.o)
 .ARM.attributes
                0x00000375       0x1d /usr/lib/gcc/arm-none-eabi/13.2.0/thumb/v7-m/nofp/libgcc.a(_arm_addsubsf3.o)
 .ARM.attributes
                0x00000392       0x1d /usr/lib/gcc/arm-none-eabi/13.2.0/thumb/v7-m/nofp/libgcc.a(_arm_muldivsf3.o)
 .ARM.attributes
                0x000003af       0x1d /usr/lib/gcc/arm-none-eabi/13.2.0/thumb/v7-m/nofp/libgcc.a(_arm_cmpsf2.o)
 .ARM.attributes
                0x000003cc       0x1d /usr/lib/gcc/arm-none-eabi/13.2.0/thumb/v7-m/nofp/libgcc.a(_arm_fixsfsi.o)
 .ARM.attributes
                0x000003e9       0x1d /usr/lib/gcc/arm-none-eabi/13.2.0/thumb/v7-m/nofp/libgcc.a(_aeabi_uldivmod.o)
 .ARM.attributes
                0x00000406       0x2d /usr/lib/gcc/arm-none-eabi/13.2.0/thumb/v7-m/nofp/libgcc.a(_udivmoddi4.o)
 .ARM.attributes
                0x00000433       0x1d /usr/lib/gcc/arm-none-eabi/13.2.0/thumb/v7-m/nofp/libgcc.a(_dvmd_tls.o)
 .ARM.attributes
                0x00000450       0x2d /usr/lib/gcc/arm-none-eabi/13.2.0/../../../../arm-none-eabi/lib/thumb/v7-m/nofp/libg.a(libc_a-atexit.o)
 .ARM.attributes
                0x0000047d       0x2d /usr/lib/gcc/arm-none-eabi/13.2.0/../../../../arm-none-eabi/lib/thumb/v7-m/nofp/libg.a(libc_a-findfp.o)
 .ARM.attributes
                0x000004aa       0x2d /usr/lib/gcc/arm-none-eabi/13.2.0/../../../../arm-none-eabi/lib/thumb/v7-m/nofp/libg.a(libc_a-memset.o)
 .ARM.attributes
                0x000004d7       0x2d /usr/lib/gcc/arm-none-eabi/13.2.0/../../../../arm-none-eabi/lib/thumb/v7-m/nofp/libg.a(libc_a-impure.o)
 .ARM.attributes
                0x00000504       0x2d /usr/lib/gcc/arm-none-eabi/13.2.0/../../../../arm-none-eabi/lib/thumb/v7-m/nofp/libg.a(libc_a-errno.o)
 .ARM.attributes
                0x00000531       0x2d /usr/lib/gcc/arm-none-eabi/13.2.0/../../../../arm-none-eabi/lib/thumb/v7-m/nofp/libg.a(libc_a-init.o)
 .ARM.attributes
                0x0000055e       0x2d /usr/lib/gcc/arm-none-eabi/13.2.0/../../../../arm-none-eabi/lib/thumb/v7-m/nofp/libg.a(libc_a-fini.o)
 .ARM.attributes
                0x0000058b       0x2d /usr/lib/gcc/arm-none-eabi/13.2.0/../../../../arm-none-eabi/lib/thumb/v7-m/nofp/libg.a(libc_a-lock.o)
 .ARM.attributes
                0x000005b8       0x2d /usr/lib/gcc/arm-none-eabi/13.2.0/../../../../arm-none-eabi/lib/thumb/v7-m/nofp/libg.a(libc_a-__atexit.o)
 .ARM.attributes
                0x000005e5       0x2d /usr/lib/gcc/arm-none-eabi/13.2.0/../../../../arm-none-eabi/lib/thumb/v7-m/nofp/libg.a(libc_a-__call_atexit.o)
 .ARM.attributes
                0x00000612       0x1d /usr/lib/gcc/arm-none-eabi/13.2.0/thumb/v7-m/nofp/crtn.o
OUTPUT(logger_diy.elf elf32-littlearm)
LOAD linker stubs
LOAD /usr/lib/gcc/arm-none-eabi/13.2.0/../../../../arm-none-eabi/lib/thumb/v7-m/nofp/libc.a
LOAD /usr/lib/gcc/arm-none-eabi/13.2.0/../../../../arm-none-eabi/lib/thumb/v7-m/nofp/libm.a
LOAD /usr/lib/gcc/arm-none-eabi/13.2.0/thumb/v7-m/nofp/libgcc.a

.debug_info     0x00000000     0xfbd1
 .debug_info    0x00000000      0xe66 CMakeFiles/logger_diy.elf.dir/Core/Src/BMP180.c.obj
 .debug_info    0x00000e66      0x702 CMakeFiles/logger_diy.elf.dir/Core/Src/TMP112.c.obj
 .debug_info    0x00001568      0xd09 CMakeFiles/logger_diy.elf.dir/Core/Src/TempTale.c.obj
 .debug_info    0x00002271      0x855 CMakeFiles/logger_diy.elf.dir/Core/Src/TempTale_LCD.c.obj
 .debug_info    0x00002ac6     0x1a26 CMakeFiles/logger_diy.elf.dir/Core/Src/main.c.obj
 .debug_info    0x000044ec      0xbd4 CMakeFiles/logger_diy.elf.dir/Core/Src/stm32l1xx_hal_msp.c.obj
 .debug_info    0x000050c0      0x18e CMakeFiles/logger_diy.elf.dir/Core/Src/stm32l1xx_it.c.obj
 .debug_info    0x0000524e      0x291 CMakeFiles/logger_diy.elf.dir/Core/Src/system_stm32l1xx.c.obj
 .debug_info    0x000054df       0x30 CMakeFiles/logger_diy.elf.dir/Core/Startup/startup_stm32l152rctx.s.obj
 .debug_info    0x0000550f      0x786 CMakeFiles/logger_diy.elf.dir/Drivers/STM32L1xx_HAL_Driver/Src/stm32l1xx_hal.c.obj
 .debug_info    0x00005c95      0xf07 CMakeFiles/logger_diy.elf.dir/Drivers/STM32L1xx_HAL_Driver/Src/stm32l1xx_hal_cortex.c.obj
 .debug_info    0x00006b9c      0x5de CMakeFiles/logger_diy.elf.dir/Drivers/STM32L1xx_HAL_Driver/Src/stm32l1xx_hal_gpio.c.obj
 .debug_info    0x0000717a     0x378f CMakeFiles/logger_diy.elf.dir/Drivers/STM32L1xx_HAL_Driver/Src/stm32l1xx_hal_i2c.c.obj
 .debug_info    0x0000a909      0x613 CMakeFiles/logger_diy.elf.dir/Drivers/STM32L1xx_HAL_Driver/Src/stm32l1xx_hal_lcd.c.obj
 .debug_info    0x0000af1c      0x745 CMakeFiles/logger_diy.elf.dir/Drivers/STM32L1xx_HAL_Driver/Src/stm32l1xx_hal_pwr.c.obj
 .debug_info    0x0000b661      0xbc5 CMakeFiles/logger_diy.elf.dir/Drivers/STM32L1xx_HAL_Driver/Src/stm32l1xx_hal_rcc.c.obj
 .debug_info    0x0000c226      0x443 CMakeFiles/logger_diy.elf.dir/Drivers/STM32L1xx_HAL_Driver/Src/stm32l1xx_hal_rcc_ex.c.obj
 .debug_info    0x0000c669       0xd3 /usr/lib/gcc/arm-none-eabi/13.2.0/thumb/v7-m/nofp/libgcc.a(_arm_addsubdf3.o)
 .debug_info    0x0000c73c       0x3f /usr/lib/gcc/arm-none-eabi/13.2.0/thumb/v7-m/nofp/libgcc.a(_arm_truncdfsf2.o)
 .debug_info    0x0000c77b       0xca /usr/lib/gcc/arm-none-eabi/13.2.0/thumb/v7-m/nofp/libgcc.a(_arm_addsubsf3.o)
 .debug_info    0x0000c845       0x57 /usr/lib/gcc/arm-none-eabi/13.2.0/thumb/v7-m/nofp/libgcc.a(_arm_muldivsf3.o)
 .debug_info    0x0000c89c       0xdb /usr/lib/gcc/arm-none-eabi/13.2.0/thumb/v7-m/nofp/libgcc.a(_arm_cmpsf2.o)
 .debug_info    0x0000c977       0x3c /usr/lib/gcc/arm-none-eabi/13.2.0/thumb/v7-m/nofp/libgcc.a(_arm_fixsfsi.o)
 .debug_info    0x0000c9b3       0x24 /usr/lib/gcc/arm-none-eabi/13.2.0/thumb/v7-m/nofp/libgcc.a(_aeabi_uldivmod.o)
 .debug_info    0x0000c9d7      0x703 /usr/lib/gcc/arm-none-eabi/13.2.0/thumb/v7-m/nofp/libgcc.a(_udivmoddi4.o)
 .debug_info    0x0000d0da       0x3c /usr/lib/gcc/arm-none-eabi/13.2.0/thumb/v7-m/nofp/libgcc.a(_dvmd_tls.o)
 .debug_info    0x0000d116      0x118 /usr/lib/gcc/arm-none-eabi/13.2.0/../../../../arm-none-eabi/lib/thumb/v7-m/nofp/libg.a(libc_a-atexit.o)
 .debug_info    0x0000d22e     0x10da /usr/lib/gcc/arm-none-eabi/13.2.0/../../../../arm-none-eabi/lib/thumb/v7-m/nofp/libg.a(libc_a-findfp.o)
 .debug_info    0x0000e308      0x135 /usr/lib/gcc/arm-none-eabi/13.2.0/../../../../arm-none-eabi/lib/thumb/v7-m/nofp/libg.a(libc_a-memset.o)
 .debug_info    0x0000e43d      0x733 /usr/lib/gcc/arm-none-eabi/13.2.0/../../../../arm-none-eabi/lib/thumb/v7-m/nofp/libg.a(libc_a-impure.o)
 .debug_info    0x0000eb70      0x719 /usr/lib/gcc/arm-none-eabi/13.2.0/../../../../arm-none-eabi/lib/thumb/v7-m/nofp/libg.a(libc_a-errno.o)
 .debug_info    0x0000f289      0x10b /usr/lib/gcc/arm-none-eabi/13.2.0/../../../../arm-none-eabi/lib/thumb/v7-m/nofp/libg.a(libc_a-init.o)
 .debug_info    0x0000f394       0xf7 /usr/lib/gcc/arm-none-eabi/13.2.0/../../../../arm-none-eabi/lib/thumb/v7-m/nofp/libg.a(libc_a-fini.o)
 .debug_info    0x0000f48b      0x20a /usr/lib/gcc/arm-none-eabi/13.2.0/../../../../arm-none-eabi/lib/thumb/v7-m/nofp/libg.a(libc_a-lock.o)
 .debug_info    0x0000f695      0x25f /usr/lib/gcc/arm-none-eabi/13.2.0/../../../../arm-none-eabi/lib/thumb/v7-m/nofp/libg.a(libc_a-__atexit.o)
 .debug_info    0x0000f8f4      0x2dd /usr/lib/gcc/arm-none-eabi/13.2.0/../../../../arm-none-eabi/lib/thumb/v7-m/nofp/libg.a(libc_a-__call_atexit.o)

.debug_abbrev   0x00000000     0x3538
 .debug_abbrev  0x00000000      0x2cb CMakeFiles/logger_diy.elf.dir/Core/Src/BMP180.c.obj
 .debug_abbrev  0x000002cb      0x1b5 CMakeFiles/logger_diy.elf.dir/Core/Src/TMP112.c.obj
 .debug_abbrev  0x00000480      0x1b5 CMakeFiles/logger_diy.elf.dir/Core/Src/TempTale.c.obj
 .debug_abbrev  0x00000635      0x1ff CMakeFiles/logger_diy.elf.dir/Core/Src/TempTale_LCD.c.obj
 .debug_abbrev  0x00000834      0x380 CMakeFiles/logger_diy.elf.dir/Core/Src/main.c.obj
 .debug_abbrev  0x00000bb4      0x1c2 CMakeFiles/logger_diy.elf.dir/Core/Src/stm32l1xx_hal_msp.c.obj
 .debug_abbrev  0x00000d76       0xbb CMakeFiles/logger_diy.elf.dir/Core/Src/stm32l1xx_it.c.obj
 .debug_abbrev  0x00000e31      0x120 CMakeFiles/logger_diy.elf.dir/Core/Src/system_stm32l1xx.c.obj
 .debug_abbrev  0x00000f51       0x24 CMakeFiles/logger_diy.elf.dir/Core/Startup/startup_stm32l152rctx.s.obj
 .debug_abbrev  0x00000f75      0x28b CMakeFiles/logger_diy.elf.dir/Drivers/STM32L1xx_HAL_Driver/Src/stm32l1xx_hal.c.obj
 .debug_abbrev  0x00001200      0x39c CMakeFiles/logger_diy.elf.dir/Drivers/STM32L1xx_HAL_Driver/Src/stm32l1xx_hal_cortex.c.obj
 .debug_abbrev  0x0000159c      0x202 CMakeFiles/logger_diy.elf.dir/Drivers/STM32L1xx_HAL_Driver/Src/stm32l1xx_hal_gpio.c.obj
 .debug_abbrev  0x0000179e      0x2bf CMakeFiles/logger_diy.elf.dir/Drivers/STM32L1xx_HAL_Driver/Src/stm32l1xx_hal_i2c.c.obj
 .debug_abbrev  0x00001a5d      0x1fe CMakeFiles/logger_diy.elf.dir/Drivers/STM32L1xx_HAL_Driver/Src/stm32l1xx_hal_lcd.c.obj
 .debug_abbrev  0x00001c5b      0x205 CMakeFiles/logger_diy.elf.dir/Drivers/STM32L1xx_HAL_Driver/Src/stm32l1xx_hal_pwr.c.obj
 .debug_abbrev  0x00001e60      0x2e2 CMakeFiles/logger_diy.elf.dir/Drivers/STM32L1xx_HAL_Driver/Src/stm32l1xx_hal_rcc.c.obj
 .debug_abbrev  0x00002142      0x208 CMakeFiles/logger_diy.elf.dir/Drivers/STM32L1xx_HAL_Driver/Src/stm32l1xx_hal_rcc_ex.c.obj
 .debug_abbrev  0x0000234a       0x28 /usr/lib/gcc/arm-none-eabi/13.2.0/thumb/v7-m/nofp/libgcc.a(_arm_addsubdf3.o)
 .debug_abbrev  0x00002372       0x28 /usr/lib/gcc/arm-none-eabi/13.2.0/thumb/v7-m/nofp/libgcc.a(_arm_truncdfsf2.o)
 .debug_abbrev  0x0000239a       0x28 /usr/lib/gcc/arm-none-eabi/13.2.0/thumb/v7-m/nofp/libgcc.a(_arm_addsubsf3.o)
 .debug_abbrev  0x000023c2       0x28 /usr/lib/gcc/arm-none-eabi/13.2.0/thumb/v7-m/nofp/libgcc.a(_arm_muldivsf3.o)
 .debug_abbrev  0x000023ea       0x28 /usr/lib/gcc/arm-none-eabi/13.2.0/thumb/v7-m/nofp/libgcc.a(_arm_cmpsf2.o)
 .debug_abbrev  0x00002412       0x28 /usr/lib/gcc/arm-none-eabi/13.2.0/thumb/v7-m/nofp/libgcc.a(_arm_fixsfsi.o)
 .debug_abbrev  0x0000243a       0x14 /usr/lib/gcc/arm-none-eabi/13.2.0/thumb/v7-m/nofp/libgcc.a(_aeabi_uldivmod.o)
 .debug_abbrev  0x0000244e      0x16a /usr/lib/gcc/arm-none-eabi/13.2.0/thumb/v7-m/nofp/libgcc.a(_udivmoddi4.o)
 .debug_abbrev  0x000025b8       0x26 /usr/lib/gcc/arm-none-eabi/13.2.0/thumb/v7-m/nofp/libgcc.a(_dvmd_tls.o)
 .debug_abbrev  0x000025de       0xc1 /usr/lib/gcc/arm-none-eabi/13.2.0/../../../../arm-none-eabi/lib/thumb/v7-m/nofp/libg.a(libc_a-atexit.o)
 .debug_abbrev  0x0000269f      0x484 /usr/lib/gcc/arm-none-eabi/13.2.0/../../../../arm-none-eabi/lib/thumb/v7-m/nofp/libg.a(libc_a-findfp.o)
 .debug_abbrev  0x00002b23       0xb7 /usr/lib/gcc/arm-none-eabi/13.2.0/../../../../arm-none-eabi/lib/thumb/v7-m/nofp/libg.a(libc_a-memset.o)
 .debug_abbrev  0x00002bda      0x185 /usr/lib/gcc/arm-none-eabi/13.2.0/../../../../arm-none-eabi/lib/thumb/v7-m/nofp/libg.a(libc_a-impure.o)
 .debug_abbrev  0x00002d5f      0x19a /usr/lib/gcc/arm-none-eabi/13.2.0/../../../../arm-none-eabi/lib/thumb/v7-m/nofp/libg.a(libc_a-errno.o)
 .debug_abbrev  0x00002ef9       0xc9 /usr/lib/gcc/arm-none-eabi/13.2.0/../../../../arm-none-eabi/lib/thumb/v7-m/nofp/libg.a(libc_a-init.o)
 .debug_abbrev  0x00002fc2       0xcc /usr/lib/gcc/arm-none-eabi/13.2.0/../../../../arm-none-eabi/lib/thumb/v7-m/nofp/libg.a(libc_a-fini.o)
 .debug_abbrev  0x0000308e      0x115 /usr/lib/gcc/arm-none-eabi/13.2.0/../../../../arm-none-eabi/lib/thumb/v7-m/nofp/libg.a(libc_a-lock.o)
 .debug_abbrev  0x000031a3      0x189 /usr/lib/gcc/arm-none-eabi/13.2.0/../../../../arm-none-eabi/lib/thumb/v7-m/nofp/libg.a(libc_a-__atexit.o)
 .debug_abbrev  0x0000332c      0x20c /usr/lib/gcc/arm-none-eabi/13.2.0/../../../../arm-none-eabi/lib/thumb/v7-m/nofp/libg.a(libc_a-__call_atexit.o)

.debug_loclists
                0x00000000     0x5eea
 .debug_loclists
                0x00000000      0x353 CMakeFiles/logger_diy.elf.dir/Core/Src/BMP180.c.obj
 .debug_loclists
                0x00000353       0x3d CMakeFiles/logger_diy.elf.dir/Core/Src/TMP112.c.obj
 .debug_loclists
                0x00000390       0xe1 CMakeFiles/logger_diy.elf.dir/Core/Src/TempTale.c.obj
 .debug_loclists
                0x00000471      0x490 CMakeFiles/logger_diy.elf.dir/Core/Src/TempTale_LCD.c.obj
 .debug_loclists
                0x00000901       0x4b CMakeFiles/logger_diy.elf.dir/Core/Src/main.c.obj
 .debug_loclists
                0x0000094c       0xc6 CMakeFiles/logger_diy.elf.dir/Core/Src/stm32l1xx_hal_msp.c.obj
 .debug_loclists
                0x00000a12      0x138 CMakeFiles/logger_diy.elf.dir/Core/Src/system_stm32l1xx.c.obj
 .debug_loclists
                0x00000b4a      0x139 CMakeFiles/logger_diy.elf.dir/Drivers/STM32L1xx_HAL_Driver/Src/stm32l1xx_hal.c.obj
 .debug_loclists
                0x00000c83      0x54d CMakeFiles/logger_diy.elf.dir/Drivers/STM32L1xx_HAL_Driver/Src/stm32l1xx_hal_cortex.c.obj
 .debug_loclists
                0x000011d0      0x2d4 CMakeFiles/logger_diy.elf.dir/Drivers/STM32L1xx_HAL_Driver/Src/stm32l1xx_hal_gpio.c.obj
 .debug_loclists
                0x000014a4     0x31cd CMakeFiles/logger_diy.elf.dir/Drivers/STM32L1xx_HAL_Driver/Src/stm32l1xx_hal_i2c.c.obj
 .debug_loclists
                0x00004671      0x2c3 CMakeFiles/logger_diy.elf.dir/Drivers/STM32L1xx_HAL_Driver/Src/stm32l1xx_hal_lcd.c.obj
 .debug_loclists
                0x00004934       0xf8 CMakeFiles/logger_diy.elf.dir/Drivers/STM32L1xx_HAL_Driver/Src/stm32l1xx_hal_pwr.c.obj
 .debug_loclists
                0x00004a2c      0x4e2 CMakeFiles/logger_diy.elf.dir/Drivers/STM32L1xx_HAL_Driver/Src/stm32l1xx_hal_rcc.c.obj
 .debug_loclists
                0x00004f0e      0x16f CMakeFiles/logger_diy.elf.dir/Drivers/STM32L1xx_HAL_Driver/Src/stm32l1xx_hal_rcc_ex.c.obj
 .debug_loclists
                0x0000507d      0x760 /usr/lib/gcc/arm-none-eabi/13.2.0/thumb/v7-m/nofp/libgcc.a(_udivmoddi4.o)
 .debug_loclists
                0x000057dd       0x2a /usr/lib/gcc/arm-none-eabi/13.2.0/../../../../arm-none-eabi/lib/thumb/v7-m/nofp/libg.a(libc_a-atexit.o)
 .debug_loclists
                0x00005807      0x27e /usr/lib/gcc/arm-none-eabi/13.2.0/../../../../arm-none-eabi/lib/thumb/v7-m/nofp/libg.a(libc_a-findfp.o)
 .debug_loclists
                0x00005a85      0x1e2 /usr/lib/gcc/arm-none-eabi/13.2.0/../../../../arm-none-eabi/lib/thumb/v7-m/nofp/libg.a(libc_a-memset.o)
 .debug_loclists
                0x00005c67       0x6f /usr/lib/gcc/arm-none-eabi/13.2.0/../../../../arm-none-eabi/lib/thumb/v7-m/nofp/libg.a(libc_a-init.o)
 .debug_loclists
                0x00005cd6       0x4c /usr/lib/gcc/arm-none-eabi/13.2.0/../../../../arm-none-eabi/lib/thumb/v7-m/nofp/libg.a(libc_a-fini.o)
 .debug_loclists
                0x00005d22       0x23 /usr/lib/gcc/arm-none-eabi/13.2.0/../../../../arm-none-eabi/lib/thumb/v7-m/nofp/libg.a(libc_a-lock.o)
 .debug_loclists
                0x00005d45       0x8e /usr/lib/gcc/arm-none-eabi/13.2.0/../../../../arm-none-eabi/lib/thumb/v7-m/nofp/libg.a(libc_a-__atexit.o)
 .debug_loclists
                0x00005dd3      0x117 /usr/lib/gcc/arm-none-eabi/13.2.0/../../../../arm-none-eabi/lib/thumb/v7-m/nofp/libg.a(libc_a-__call_atexit.o)

.debug_aranges  0x00000000      0xc48
 .debug_aranges
                0x00000000       0x60 CMakeFiles/logger_diy.elf.dir/Core/Src/BMP180.c.obj
 .debug_aranges
                0x00000060       0x28 CMakeFiles/logger_diy.elf.dir/Core/Src/TMP112.c.obj
 .debug_aranges
                0x00000088       0x48 CMakeFiles/logger_diy.elf.dir/Core/Src/TempTale.c.obj
 .debug_aranges
                0x000000d0       0x50 CMakeFiles/logger_diy.elf.dir/Core/Src/TempTale_LCD.c.obj
 .debug_aranges
                0x00000120       0x88 CMakeFiles/logger_diy.elf.dir/Core/Src/main.c.obj
 .debug_aranges
                0x000001a8       0x40 CMakeFiles/logger_diy.elf.dir/Core/Src/stm32l1xx_hal_msp.c.obj
 .debug_aranges
                0x000001e8       0x70 CMakeFiles/logger_diy.elf.dir/Core/Src/stm32l1xx_it.c.obj
 .debug_aranges
                0x00000258       0x28 CMakeFiles/logger_diy.elf.dir/Core/Src/system_stm32l1xx.c.obj
 .debug_aranges
                0x00000280       0x28 CMakeFiles/logger_diy.elf.dir/Core/Startup/startup_stm32l152rctx.s.obj
 .debug_aranges
                0x000002a8       0xe0 CMakeFiles/logger_diy.elf.dir/Drivers/STM32L1xx_HAL_Driver/Src/stm32l1xx_hal.c.obj
 .debug_aranges
                0x00000388       0xd8 CMakeFiles/logger_diy.elf.dir/Drivers/STM32L1xx_HAL_Driver/Src/stm32l1xx_hal_cortex.c.obj
 .debug_aranges
                0x00000460       0x58 CMakeFiles/logger_diy.elf.dir/Drivers/STM32L1xx_HAL_Driver/Src/stm32l1xx_hal_gpio.c.obj
 .debug_aranges
                0x000004b8      0x2a8 CMakeFiles/logger_diy.elf.dir/Drivers/STM32L1xx_HAL_Driver/Src/stm32l1xx_hal_i2c.c.obj
 .debug_aranges
                0x00000760       0x68 CMakeFiles/logger_diy.elf.dir/Drivers/STM32L1xx_HAL_Driver/Src/stm32l1xx_hal_lcd.c.obj
 .debug_aranges
                0x000007c8       0xa0 CMakeFiles/logger_diy.elf.dir/Drivers/STM32L1xx_HAL_Driver/Src/stm32l1xx_hal_pwr.c.obj
 .debug_aranges
                0x00000868       0x90 CMakeFiles/logger_diy.elf.dir/Drivers/STM32L1xx_HAL_Driver/Src/stm32l1xx_hal_rcc.c.obj
 .debug_aranges
                0x000008f8       0x58 CMakeFiles/logger_diy.elf.dir/Drivers/STM32L1xx_HAL_Driver/Src/stm32l1xx_hal_rcc_ex.c.obj
 .debug_aranges
                0x00000950       0x20 /usr/lib/gcc/arm-none-eabi/13.2.0/thumb/v7-m/nofp/libgcc.a(_arm_addsubdf3.o)
 .debug_aranges
                0x00000970       0x20 /usr/lib/gcc/arm-none-eabi/13.2.0/thumb/v7-m/nofp/libgcc.a(_arm_truncdfsf2.o)
 .debug_aranges
                0x00000990       0x20 /usr/lib/gcc/arm-none-eabi/13.2.0/thumb/v7-m/nofp/libgcc.a(_arm_addsubsf3.o)
 .debug_aranges
                0x000009b0       0x20 /usr/lib/gcc/arm-none-eabi/13.2.0/thumb/v7-m/nofp/libgcc.a(_arm_muldivsf3.o)
 .debug_aranges
                0x000009d0       0x20 /usr/lib/gcc/arm-none-eabi/13.2.0/thumb/v7-m/nofp/libgcc.a(_arm_cmpsf2.o)
 .debug_aranges
                0x000009f0       0x20 /usr/lib/gcc/arm-none-eabi/13.2.0/thumb/v7-m/nofp/libgcc.a(_arm_fixsfsi.o)
 .debug_aranges
                0x00000a10       0x20 /usr/lib/gcc/arm-none-eabi/13.2.0/thumb/v7-m/nofp/libgcc.a(_aeabi_uldivmod.o)
 .debug_aranges
                0x00000a30       0x20 /usr/lib/gcc/arm-none-eabi/13.2.0/thumb/v7-m/nofp/libgcc.a(_udivmoddi4.o)
 .debug_aranges
                0x00000a50       0x20 /usr/lib/gcc/arm-none-eabi/13.2.0/thumb/v7-m/nofp/libgcc.a(_dvmd_tls.o)
 .debug_aranges
                0x00000a70       0x20 /usr/lib/gcc/arm-none-eabi/13.2.0/../../../../arm-none-eabi/lib/thumb/v7-m/nofp/libg.a(libc_a-atexit.o)
 .debug_aranges
                0x00000a90       0x70 /usr/lib/gcc/arm-none-eabi/13.2.0/../../../../arm-none-eabi/lib/thumb/v7-m/nofp/libg.a(libc_a-findfp.o)
 .debug_aranges
                0x00000b00       0x20 /usr/lib/gcc/arm-none-eabi/13.2.0/../../../../arm-none-eabi/lib/thumb/v7-m/nofp/libg.a(libc_a-memset.o)
 .debug_aranges
                0x00000b20       0x18 /usr/lib/gcc/arm-none-eabi/13.2.0/../../../../arm-none-eabi/lib/thumb/v7-m/nofp/libg.a(libc_a-impure.o)
 .debug_aranges
                0x00000b38       0x20 /usr/lib/gcc/arm-none-eabi/13.2.0/../../../../arm-none-eabi/lib/thumb/v7-m/nofp/libg.a(libc_a-errno.o)
 .debug_aranges
                0x00000b58       0x20 /usr/lib/gcc/arm-none-eabi/13.2.0/../../../../arm-none-eabi/lib/thumb/v7-m/nofp/libg.a(libc_a-init.o)
 .debug_aranges
                0x00000b78       0x20 /usr/lib/gcc/arm-none-eabi/13.2.0/../../../../arm-none-eabi/lib/thumb/v7-m/nofp/libg.a(libc_a-fini.o)
 .debug_aranges
                0x00000b98       0x68 /usr/lib/gcc/arm-none-eabi/13.2.0/../../../../arm-none-eabi/lib/thumb/v7-m/nofp/libg.a(libc_a-lock.o)
 .debug_aranges
                0x00000c00       0x20 /usr/lib/gcc/arm-none-eabi/13.2.0/../../../../arm-none-eabi/lib/thumb/v7-m/nofp/libg.a(libc_a-__atexit.o)
 .debug_aranges
                0x00000c20       0x28 /usr/lib/gcc/arm-none-eabi/13.2.0/../../../../arm-none-eabi/lib/thumb/v7-m/nofp/libg.a(libc_a-__call_atexit.o)

.debug_rnglists
                0x00000000      0x968
 .debug_rnglists
                0x00000000       0x44 CMakeFiles/logger_diy.elf.dir/Core/Src/BMP180.c.obj
 .debug_rnglists
                0x00000044       0x19 CMakeFiles/logger_diy.elf.dir/Core/Src/TMP112.c.obj
 .debug_rnglists
                0x0000005d       0x31 CMakeFiles/logger_diy.elf.dir/Core/Src/TempTale.c.obj
 .debug_rnglists
                0x0000008e       0x38 CMakeFiles/logger_diy.elf.dir/Core/Src/TempTale_LCD.c.obj
 .debug_rnglists
                0x000000c6       0x64 CMakeFiles/logger_diy.elf.dir/Core/Src/main.c.obj
 .debug_rnglists
                0x0000012a       0x2c CMakeFiles/logger_diy.elf.dir/Core/Src/stm32l1xx_hal_msp.c.obj
 .debug_rnglists
                0x00000156       0x4f CMakeFiles/logger_diy.elf.dir/Core/Src/stm32l1xx_it.c.obj
 .debug_rnglists
                0x000001a5       0x1a CMakeFiles/logger_diy.elf.dir/Core/Src/system_stm32l1xx.c.obj
 .debug_rnglists
                0x000001bf       0x19 CMakeFiles/logger_diy.elf.dir/Core/Startup/startup_stm32l152rctx.s.obj
 .debug_rnglists
                0x000001d8       0xa3 CMakeFiles/logger_diy.elf.dir/Drivers/STM32L1xx_HAL_Driver/Src/stm32l1xx_hal.c.obj
 .debug_rnglists
                0x0000027b       0x9d CMakeFiles/logger_diy.elf.dir/Drivers/STM32L1xx_HAL_Driver/Src/stm32l1xx_hal_cortex.c.obj
 .debug_rnglists
                0x00000318       0x3f CMakeFiles/logger_diy.elf.dir/Drivers/STM32L1xx_HAL_Driver/Src/stm32l1xx_hal_gpio.c.obj
 .debug_rnglists
                0x00000357      0x236 CMakeFiles/logger_diy.elf.dir/Drivers/STM32L1xx_HAL_Driver/Src/stm32l1xx_hal_i2c.c.obj
 .debug_rnglists
                0x0000058d       0x4b CMakeFiles/logger_diy.elf.dir/Drivers/STM32L1xx_HAL_Driver/Src/stm32l1xx_hal_lcd.c.obj
 .debug_rnglists
                0x000005d8       0x74 CMakeFiles/logger_diy.elf.dir/Drivers/STM32L1xx_HAL_Driver/Src/stm32l1xx_hal_pwr.c.obj
 .debug_rnglists
                0x0000064c       0x7c CMakeFiles/logger_diy.elf.dir/Drivers/STM32L1xx_HAL_Driver/Src/stm32l1xx_hal_rcc.c.obj
 .debug_rnglists
                0x000006c8       0x4e CMakeFiles/logger_diy.elf.dir/Drivers/STM32L1xx_HAL_Driver/Src/stm32l1xx_hal_rcc_ex.c.obj
 .debug_rnglists
                0x00000716       0x73 /usr/lib/gcc/arm-none-eabi/13.2.0/thumb/v7-m/nofp/libgcc.a(_udivmoddi4.o)
 .debug_rnglists
                0x00000789       0x13 /usr/lib/gcc/arm-none-eabi/13.2.0/../../../../arm-none-eabi/lib/thumb/v7-m/nofp/libg.a(libc_a-atexit.o)
 .debug_rnglists
                0x0000079c       0xf2 /usr/lib/gcc/arm-none-eabi/13.2.0/../../../../arm-none-eabi/lib/thumb/v7-m/nofp/libg.a(libc_a-findfp.o)
 .debug_rnglists
                0x0000088e       0x14 /usr/lib/gcc/arm-none-eabi/13.2.0/../../../../arm-none-eabi/lib/thumb/v7-m/nofp/libg.a(libc_a-memset.o)
 .debug_rnglists
                0x000008a2       0x13 /usr/lib/gcc/arm-none-eabi/13.2.0/../../../../arm-none-eabi/lib/thumb/v7-m/nofp/libg.a(libc_a-errno.o)
 .debug_rnglists
                0x000008b5       0x13 /usr/lib/gcc/arm-none-eabi/13.2.0/../../../../arm-none-eabi/lib/thumb/v7-m/nofp/libg.a(libc_a-init.o)
 .debug_rnglists
                0x000008c8       0x13 /usr/lib/gcc/arm-none-eabi/13.2.0/../../../../arm-none-eabi/lib/thumb/v7-m/nofp/libg.a(libc_a-fini.o)
 .debug_rnglists
                0x000008db       0x49 /usr/lib/gcc/arm-none-eabi/13.2.0/../../../../arm-none-eabi/lib/thumb/v7-m/nofp/libg.a(libc_a-lock.o)
 .debug_rnglists
                0x00000924       0x14 /usr/lib/gcc/arm-none-eabi/13.2.0/../../../../arm-none-eabi/lib/thumb/v7-m/nofp/libg.a(libc_a-__atexit.o)
 .debug_rnglists
                0x00000938       0x30 /usr/lib/gcc/arm-none-eabi/13.2.0/../../../../arm-none-eabi/lib/thumb/v7-m/nofp/libg.a(libc_a-__call_atexit.o)

.debug_line     0x00000000     0xc1c8
 .debug_line    0x00000000      0x5ec CMakeFiles/logger_diy.elf.dir/Core/Src/BMP180.c.obj
 .debug_line    0x000005ec      0x264 CMakeFiles/logger_diy.elf.dir/Core/Src/TMP112.c.obj
 .debug_line    0x00000850      0x32f CMakeFiles/logger_diy.elf.dir/Core/Src/TempTale.c.obj
 .debug_line    0x00000b7f      0x3ae CMakeFiles/logger_diy.elf.dir/Core/Src/TempTale_LCD.c.obj
 .debug_line    0x00000f2d      0x7c8 CMakeFiles/logger_diy.elf.dir/Core/Src/main.c.obj
 .debug_line    0x000016f5      0x388 CMakeFiles/logger_diy.elf.dir/Core/Src/stm32l1xx_hal_msp.c.obj
 .debug_line    0x00001a7d      0x22a CMakeFiles/logger_diy.elf.dir/Core/Src/stm32l1xx_it.c.obj
 .debug_line    0x00001ca7      0x229 CMakeFiles/logger_diy.elf.dir/Core/Src/system_stm32l1xx.c.obj
 .debug_line    0x00001ed0       0x79 CMakeFiles/logger_diy.elf.dir/Core/Startup/startup_stm32l152rctx.s.obj
 .debug_line    0x00001f49      0x56c CMakeFiles/logger_diy.elf.dir/Drivers/STM32L1xx_HAL_Driver/Src/stm32l1xx_hal.c.obj
 .debug_line    0x000024b5      0x7fa CMakeFiles/logger_diy.elf.dir/Drivers/STM32L1xx_HAL_Driver/Src/stm32l1xx_hal_cortex.c.obj
 .debug_line    0x00002caf      0x571 CMakeFiles/logger_diy.elf.dir/Drivers/STM32L1xx_HAL_Driver/Src/stm32l1xx_hal_gpio.c.obj
 .debug_line    0x00003220     0x5366 CMakeFiles/logger_diy.elf.dir/Drivers/STM32L1xx_HAL_Driver/Src/stm32l1xx_hal_i2c.c.obj
 .debug_line    0x00008586      0x5e9 CMakeFiles/logger_diy.elf.dir/Drivers/STM32L1xx_HAL_Driver/Src/stm32l1xx_hal_lcd.c.obj
 .debug_line    0x00008b6f      0x4ef CMakeFiles/logger_diy.elf.dir/Drivers/STM32L1xx_HAL_Driver/Src/stm32l1xx_hal_pwr.c.obj
 .debug_line    0x0000905e      0xe66 CMakeFiles/logger_diy.elf.dir/Drivers/STM32L1xx_HAL_Driver/Src/stm32l1xx_hal_rcc.c.obj
 .debug_line    0x00009ec4      0x50e CMakeFiles/logger_diy.elf.dir/Drivers/STM32L1xx_HAL_Driver/Src/stm32l1xx_hal_rcc_ex.c.obj
 .debug_line    0x0000a3d2      0x16f /usr/lib/gcc/arm-none-eabi/13.2.0/thumb/v7-m/nofp/libgcc.a(_arm_addsubdf3.o)
 .debug_line    0x0000a541       0x76 /usr/lib/gcc/arm-none-eabi/13.2.0/thumb/v7-m/nofp/libgcc.a(_arm_truncdfsf2.o)
 .debug_line    0x0000a5b7      0x103 /usr/lib/gcc/arm-none-eabi/13.2.0/thumb/v7-m/nofp/libgcc.a(_arm_addsubsf3.o)
 .debug_line    0x0000a6ba      0x123 /usr/lib/gcc/arm-none-eabi/13.2.0/thumb/v7-m/nofp/libgcc.a(_arm_muldivsf3.o)
 .debug_line    0x0000a7dd       0x9a /usr/lib/gcc/arm-none-eabi/13.2.0/thumb/v7-m/nofp/libgcc.a(_arm_cmpsf2.o)
 .debug_line    0x0000a877       0x62 /usr/lib/gcc/arm-none-eabi/13.2.0/thumb/v7-m/nofp/libgcc.a(_arm_fixsfsi.o)
 .debug_line    0x0000a8d9       0x4e /usr/lib/gcc/arm-none-eabi/13.2.0/thumb/v7-m/nofp/libgcc.a(_aeabi_uldivmod.o)
 .debug_line    0x0000a927      0x522 /usr/lib/gcc/arm-none-eabi/13.2.0/thumb/v7-m/nofp/libgcc.a(_udivmoddi4.o)
 .debug_line    0x0000ae49       0x4a /usr/lib/gcc/arm-none-eabi/13.2.0/thumb/v7-m/nofp/libgcc.a(_dvmd_tls.o)
 .debug_line    0x0000ae93       0xe4 /usr/lib/gcc/arm-none-eabi/13.2.0/../../../../arm-none-eabi/lib/thumb/v7-m/nofp/libg.a(libc_a-atexit.o)
 .debug_line    0x0000af77      0x697 /usr/lib/gcc/arm-none-eabi/13.2.0/../../../../arm-none-eabi/lib/thumb/v7-m/nofp/libg.a(libc_a-findfp.o)
 .debug_line    0x0000b60e      0x1da /usr/lib/gcc/arm-none-eabi/13.2.0/../../../../arm-none-eabi/lib/thumb/v7-m/nofp/libg.a(libc_a-memset.o)
 .debug_line    0x0000b7e8      0x108 /usr/lib/gcc/arm-none-eabi/13.2.0/../../../../arm-none-eabi/lib/thumb/v7-m/nofp/libg.a(libc_a-impure.o)
 .debug_line    0x0000b8f0      0x12d /usr/lib/gcc/arm-none-eabi/13.2.0/../../../../arm-none-eabi/lib/thumb/v7-m/nofp/libg.a(libc_a-errno.o)
 .debug_line    0x0000ba1d      0x13c /usr/lib/gcc/arm-none-eabi/13.2.0/../../../../arm-none-eabi/lib/thumb/v7-m/nofp/libg.a(libc_a-init.o)
 .debug_line    0x0000bb59       0xec /usr/lib/gcc/arm-none-eabi/13.2.0/../../../../arm-none-eabi/lib/thumb/v7-m/nofp/libg.a(libc_a-fini.o)
 .debug_line    0x0000bc45      0x17d /usr/lib/gcc/arm-none-eabi/13.2.0/../../../../arm-none-eabi/lib/thumb/v7-m/nofp/libg.a(libc_a-lock.o)
 .debug_line    0x0000bdc2      0x196 /usr/lib/gcc/arm-none-eabi/13.2.0/../../../../arm-none-eabi/lib/thumb/v7-m/nofp/libg.a(libc_a-__atexit.o)
 .debug_line    0x0000bf58      0x270 /usr/lib/gcc/arm-none-eabi/13.2.0/../../../../arm-none-eabi/lib/thumb/v7-m/nofp/libg.a(libc_a-__call_atexit.o)

.debug_str      0x00000000     0x448d
 .debug_str     0x00000000     0x448d CMakeFiles/logger_diy.elf.dir/Core/Src/BMP180.c.obj
                                0x8f9 (size before relaxing)
 .debug_str     0x0000448d      0x6f6 CMakeFiles/logger_diy.elf.dir/Core/Src/TMP112.c.obj
 .debug_str     0x0000448d      0xa9f CMakeFiles/logger_diy.elf.dir/Core/Src/TempTale.c.obj
 .debug_str     0x0000448d      0x5ae CMakeFiles/logger_diy.elf.dir/Core/Src/TempTale_LCD.c.obj
 .debug_str     0x0000448d     0x131d CMakeFiles/logger_diy.elf.dir/Core/Src/main.c.obj
 .debug_str     0x0000448d      0x8b9 CMakeFiles/logger_diy.elf.dir/Core/Src/stm32l1xx_hal_msp.c.obj
 .debug_str     0x0000448d      0x298 CMakeFiles/logger_diy.elf.dir/Core/Src/stm32l1xx_it.c.obj
 .debug_str     0x0000448d      0x2b6 CMakeFiles/logger_diy.elf.dir/Core/Src/system_stm32l1xx.c.obj
 .debug_str     0x0000448d       0x93 CMakeFiles/logger_diy.elf.dir/Core/Startup/startup_stm32l152rctx.s.obj
 .debug_str     0x0000448d      0x86e CMakeFiles/logger_diy.elf.dir/Drivers/STM32L1xx_HAL_Driver/Src/stm32l1xx_hal.c.obj
 .debug_str     0x0000448d      0xa9f CMakeFiles/logger_diy.elf.dir/Drivers/STM32L1xx_HAL_Driver/Src/stm32l1xx_hal_cortex.c.obj
 .debug_str     0x0000448d      0x437 CMakeFiles/logger_diy.elf.dir/Drivers/STM32L1xx_HAL_Driver/Src/stm32l1xx_hal_gpio.c.obj
 .debug_str     0x0000448d      0xfd1 CMakeFiles/logger_diy.elf.dir/Drivers/STM32L1xx_HAL_Driver/Src/stm32l1xx_hal_i2c.c.obj
 .debug_str     0x0000448d      0x499 CMakeFiles/logger_diy.elf.dir/Drivers/STM32L1xx_HAL_Driver/Src/stm32l1xx_hal_lcd.c.obj
 .debug_str     0x0000448d      0x4d8 CMakeFiles/logger_diy.elf.dir/Drivers/STM32L1xx_HAL_Driver/Src/stm32l1xx_hal_pwr.c.obj
 .debug_str     0x0000448d      0x71f CMakeFiles/logger_diy.elf.dir/Drivers/STM32L1xx_HAL_Driver/Src/stm32l1xx_hal_rcc.c.obj
 .debug_str     0x0000448d      0x459 CMakeFiles/logger_diy.elf.dir/Drivers/STM32L1xx_HAL_Driver/Src/stm32l1xx_hal_rcc_ex.c.obj
 .debug_str     0x0000448d      0x14b /usr/lib/gcc/arm-none-eabi/13.2.0/thumb/v7-m/nofp/libgcc.a(_arm_addsubdf3.o)
 .debug_str     0x0000448d       0xb8 /usr/lib/gcc/arm-none-eabi/13.2.0/thumb/v7-m/nofp/libgcc.a(_arm_truncdfsf2.o)
 .debug_str     0x0000448d      0x13f /usr/lib/gcc/arm-none-eabi/13.2.0/thumb/v7-m/nofp/libgcc.a(_arm_addsubsf3.o)
 .debug_str     0x0000448d       0xcb /usr/lib/gcc/arm-none-eabi/13.2.0/thumb/v7-m/nofp/libgcc.a(_arm_muldivsf3.o)
 .debug_str     0x0000448d      0x154 /usr/lib/gcc/arm-none-eabi/13.2.0/thumb/v7-m/nofp/libgcc.a(_arm_cmpsf2.o)
 .debug_str     0x0000448d       0xb6 /usr/lib/gcc/arm-none-eabi/13.2.0/thumb/v7-m/nofp/libgcc.a(_arm_fixsfsi.o)
 .debug_str     0x0000448d       0x9a /usr/lib/gcc/arm-none-eabi/13.2.0/thumb/v7-m/nofp/libgcc.a(_aeabi_uldivmod.o)
 .debug_str     0x0000448d      0x6ae /usr/lib/gcc/arm-none-eabi/13.2.0/thumb/v7-m/nofp/libgcc.a(_udivmoddi4.o)
 .debug_str     0x0000448d       0xba /usr/lib/gcc/arm-none-eabi/13.2.0/thumb/v7-m/nofp/libgcc.a(_dvmd_tls.o)
 .debug_str     0x0000448d      0x1f6 /usr/lib/gcc/arm-none-eabi/13.2.0/../../../../arm-none-eabi/lib/thumb/v7-m/nofp/libg.a(libc_a-atexit.o)
 .debug_str     0x0000448d      0x751 /usr/lib/gcc/arm-none-eabi/13.2.0/../../../../arm-none-eabi/lib/thumb/v7-m/nofp/libg.a(libc_a-findfp.o)
 .debug_str     0x0000448d      0x1cd /usr/lib/gcc/arm-none-eabi/13.2.0/../../../../arm-none-eabi/lib/thumb/v7-m/nofp/libg.a(libc_a-memset.o)
 .debug_str     0x0000448d      0x4ce /usr/lib/gcc/arm-none-eabi/13.2.0/../../../../arm-none-eabi/lib/thumb/v7-m/nofp/libg.a(libc_a-impure.o)
 .debug_str     0x0000448d      0x4c3 /usr/lib/gcc/arm-none-eabi/13.2.0/../../../../arm-none-eabi/lib/thumb/v7-m/nofp/libg.a(libc_a-errno.o)
 .debug_str     0x0000448d      0x21a /usr/lib/gcc/arm-none-eabi/13.2.0/../../../../arm-none-eabi/lib/thumb/v7-m/nofp/libg.a(libc_a-init.o)
 .debug_str     0x0000448d      0x1f0 /usr/lib/gcc/arm-none-eabi/13.2.0/../../../../arm-none-eabi/lib/thumb/v7-m/nofp/libg.a(libc_a-fini.o)
 .debug_str     0x0000448d      0x32c /usr/lib/gcc/arm-none-eabi/13.2.0/../../../../arm-none-eabi/lib/thumb/v7-m/nofp/libg.a(libc_a-lock.o)
 .debug_str     0x0000448d      0x2cd /usr/lib/gcc/arm-none-eabi/13.2.0/../../../../arm-none-eabi/lib/thumb/v7-m/nofp/libg.a(libc_a-__atexit.o)
 .debug_str     0x0000448d      0x2f6 /usr/lib/gcc/arm-none-eabi/13.2.0/../../../../arm-none-eabi/lib/thumb/v7-m/nofp/libg.a(libc_a-__call_atexit.o)

.comment        0x00000000       0x3c
 .comment       0x00000000       0x3c CMakeFiles/logger_diy.elf.dir/Core/Src/BMP180.c.obj
                                 0x1f (size before relaxing)
 .comment       0x0000003c       0x1f CMakeFiles/logger_diy.elf.dir/Core/Src/TMP112.c.obj
 .comment       0x0000003c       0x1f CMakeFiles/logger_diy.elf.dir/Core/Src/TempTale.c.obj
 .comment       0x0000003c       0x1f CMakeFiles/logger_diy.elf.dir/Core/Src/TempTale_LCD.c.obj
 .comment       0x0000003c       0x1f CMakeFiles/logger_diy.elf.dir/Core/Src/main.c.obj
 .comment       0x0000003c       0x1f CMakeFiles/logger_diy.elf.dir/Core/Src/stm32l1xx_hal_msp.c.obj
 .comment       0x0000003c       0x1f CMakeFiles/logger_diy.elf.dir/Core/Src/stm32l1xx_it.c.obj
 .comment       0x0000003c       0x1f CMakeFiles/logger_diy.elf.dir/Core/Src/system_stm32l1xx.c.obj
 .comment       0x0000003c       0x1f CMakeFiles/logger_diy.elf.dir/Drivers/STM32L1xx_HAL_Driver/Src/stm32l1xx_hal.c.obj
 .comment       0x0000003c       0x1f CMakeFiles/logger_diy.elf.dir/Drivers/STM32L1xx_HAL_Driver/Src/stm32l1xx_hal_cortex.c.obj
 .comment       0x0000003c       0x1f CMakeFiles/logger_diy.elf.dir/Drivers/STM32L1xx_HAL_Driver/Src/stm32l1xx_hal_gpio.c.obj
 .comment       0x0000003c       0x1f CMakeFiles/logger_diy.elf.dir/Drivers/STM32L1xx_HAL_Driver/Src/stm32l1xx_hal_i2c.c.obj
 .comment       0x0000003c       0x1f CMakeFiles/logger_diy.elf.dir/Drivers/STM32L1xx_HAL_Driver/Src/stm32l1xx_hal_lcd.c.obj
 .comment       0x0000003c       0x1f CMakeFiles/logger_diy.elf.dir/Drivers/STM32L1xx_HAL_Driver/Src/stm32l1xx_hal_pwr.c.obj
 .comment       0x0000003c       0x1f CMakeFiles/logger_diy.elf.dir/Drivers/STM32L1xx_HAL_Driver/Src/stm32l1xx_hal_rcc.c.obj
 .comment       0x0000003c       0x1f CMakeFiles/logger_diy.elf.dir/Drivers/STM32L1xx_HAL_Driver/Src/stm32l1xx_hal_rcc_ex.c.obj
 .comment       0x0000003c       0x1f /usr/lib/gcc/arm-none-eabi/13.2.0/thumb/v7-m/nofp/libgcc.a(_udivmoddi4.o)
 .comment       0x0000003c       0x1f /usr/lib/gcc/arm-none-eabi/13.2.0/../../../../arm-none-eabi/lib/thumb/v7-m/nofp/libg.a(libc_a-atexit.o)
 .comment       0x0000003c       0x1f /usr/lib/gcc/arm-none-eabi/13.2.0/../../../../arm-none-eabi/lib/thumb/v7-m/nofp/libg.a(libc_a-findfp.o)
 .comment       0x0000003c       0x1f /usr/lib/gcc/arm-none-eabi/13.2.0/../../../../arm-none-eabi/lib/thumb/v7-m/nofp/libg.a(libc_a-memset.o)
 .comment       0x0000003c       0x1f /usr/lib/gcc/arm-none-eabi/13.2.0/../../../../arm-none-eabi/lib/thumb/v7-m/nofp/libg.a(libc_a-impure.o)
 .comment       0x0000003c       0x1f /usr/lib/gcc/arm-none-eabi/13.2.0/../../../../arm-none-eabi/lib/thumb/v7-m/nofp/libg.a(libc_a-errno.o)
 .comment       0x0000003c       0x1f /usr/lib/gcc/arm-none-eabi/13.2.0/../../../../arm-none-eabi/lib/thumb/v7-m/nofp/libg.a(libc_a-init.o)
 .comment       0x0000003c       0x1f /usr/lib/gcc/arm-none-eabi/13.2.0/../../../../arm-none-eabi/lib/thumb/v7-m/nofp/libg.a(libc_a-fini.o)
 .comment       0x0000003c       0x1f /usr/lib/gcc/arm-none-eabi/13.2.0/../../../../arm-none-eabi/lib/thumb/v7-m/nofp/libg.a(libc_a-lock.o)
 .comment       0x0000003c       0x1f /usr/lib/gcc/arm-none-eabi/13.2.0/../../../../arm-none-eabi/lib/thumb/v7-m/nofp/libg.a(libc_a-__atexit.o)
 .comment       0x0000003c       0x1f /usr/lib/gcc/arm-none-eabi/13.2.0/../../../../arm-none-eabi/lib/thumb/v7-m/nofp/libg.a(libc_a-__call_atexit.o)

.debug_frame    0x00000000     0x1e2c
 .debug_frame   0x00000000      0x124 CMakeFiles/logger_diy.elf.dir/Core/Src/BMP180.c.obj
 .debug_frame   0x00000124       0x40 CMakeFiles/logger_diy.elf.dir/Core/Src/TMP112.c.obj
 .debug_frame   0x00000164       0x94 CMakeFiles/logger_diy.elf.dir/Core/Src/TempTale.c.obj
 .debug_frame   0x000001f8       0xd0 CMakeFiles/logger_diy.elf.dir/Core/Src/TempTale_LCD.c.obj
 .debug_frame   0x000002c8      0x16c CMakeFiles/logger_diy.elf.dir/Core/Src/main.c.obj
 .debug_frame   0x00000434       0x9c CMakeFiles/logger_diy.elf.dir/Core/Src/stm32l1xx_hal_msp.c.obj
 .debug_frame   0x000004d0       0xd8 CMakeFiles/logger_diy.elf.dir/Core/Src/stm32l1xx_it.c.obj
 .debug_frame   0x000005a8       0x30 CMakeFiles/logger_diy.elf.dir/Core/Src/system_stm32l1xx.c.obj
 .debug_frame   0x000005d8      0x1cc CMakeFiles/logger_diy.elf.dir/Drivers/STM32L1xx_HAL_Driver/Src/stm32l1xx_hal.c.obj
 .debug_frame   0x000007a4      0x1cc CMakeFiles/logger_diy.elf.dir/Drivers/STM32L1xx_HAL_Driver/Src/stm32l1xx_hal_cortex.c.obj
 .debug_frame   0x00000970       0xd0 CMakeFiles/logger_diy.elf.dir/Drivers/STM32L1xx_HAL_Driver/Src/stm32l1xx_hal_gpio.c.obj
 .debug_frame   0x00000a40      0x984 CMakeFiles/logger_diy.elf.dir/Drivers/STM32L1xx_HAL_Driver/Src/stm32l1xx_hal_i2c.c.obj
 .debug_frame   0x000013c4      0x108 CMakeFiles/logger_diy.elf.dir/Drivers/STM32L1xx_HAL_Driver/Src/stm32l1xx_hal_lcd.c.obj
 .debug_frame   0x000014cc      0x128 CMakeFiles/logger_diy.elf.dir/Drivers/STM32L1xx_HAL_Driver/Src/stm32l1xx_hal_pwr.c.obj
 .debug_frame   0x000015f4      0x1a4 CMakeFiles/logger_diy.elf.dir/Drivers/STM32L1xx_HAL_Driver/Src/stm32l1xx_hal_rcc.c.obj
 .debug_frame   0x00001798       0xac CMakeFiles/logger_diy.elf.dir/Drivers/STM32L1xx_HAL_Driver/Src/stm32l1xx_hal_rcc_ex.c.obj
 .debug_frame   0x00001844       0xac /usr/lib/gcc/arm-none-eabi/13.2.0/thumb/v7-m/nofp/libgcc.a(_arm_addsubdf3.o)
 .debug_frame   0x000018f0       0x24 /usr/lib/gcc/arm-none-eabi/13.2.0/thumb/v7-m/nofp/libgcc.a(_arm_truncdfsf2.o)
 .debug_frame   0x00001914       0x4c /usr/lib/gcc/arm-none-eabi/13.2.0/thumb/v7-m/nofp/libgcc.a(_arm_addsubsf3.o)
 .debug_frame   0x00001960       0x38 /usr/lib/gcc/arm-none-eabi/13.2.0/thumb/v7-m/nofp/libgcc.a(_arm_muldivsf3.o)
 .debug_frame   0x00001998       0xc8 /usr/lib/gcc/arm-none-eabi/13.2.0/thumb/v7-m/nofp/libgcc.a(_arm_cmpsf2.o)
 .debug_frame   0x00001a60       0x24 /usr/lib/gcc/arm-none-eabi/13.2.0/thumb/v7-m/nofp/libgcc.a(_arm_fixsfsi.o)
 .debug_frame   0x00001a84       0x2c /usr/lib/gcc/arm-none-eabi/13.2.0/thumb/v7-m/nofp/libgcc.a(_aeabi_uldivmod.o)
 .debug_frame   0x00001ab0       0x34 /usr/lib/gcc/arm-none-eabi/13.2.0/thumb/v7-m/nofp/libgcc.a(_udivmoddi4.o)
 .debug_frame   0x00001ae4       0x20 /usr/lib/gcc/arm-none-eabi/13.2.0/../../../../arm-none-eabi/lib/thumb/v7-m/nofp/libg.a(libc_a-atexit.o)
 .debug_frame   0x00001b04      0x13c /usr/lib/gcc/arm-none-eabi/13.2.0/../../../../arm-none-eabi/lib/thumb/v7-m/nofp/libg.a(libc_a-findfp.o)
 .debug_frame   0x00001c40       0x2c /usr/lib/gcc/arm-none-eabi/13.2.0/../../../../arm-none-eabi/lib/thumb/v7-m/nofp/libg.a(libc_a-memset.o)
 .debug_frame   0x00001c6c       0x20 /usr/lib/gcc/arm-none-eabi/13.2.0/../../../../arm-none-eabi/lib/thumb/v7-m/nofp/libg.a(libc_a-errno.o)
 .debug_frame   0x00001c8c       0x2c /usr/lib/gcc/arm-none-eabi/13.2.0/../../../../arm-none-eabi/lib/thumb/v7-m/nofp/libg.a(libc_a-init.o)
 .debug_frame   0x00001cb8       0x34 /usr/lib/gcc/arm-none-eabi/13.2.0/../../../../arm-none-eabi/lib/thumb/v7-m/nofp/libg.a(libc_a-fini.o)
 .debug_frame   0x00001cec       0xb0 /usr/lib/gcc/arm-none-eabi/13.2.0/../../../../arm-none-eabi/lib/thumb/v7-m/nofp/libg.a(libc_a-lock.o)
 .debug_frame   0x00001d9c       0x34 /usr/lib/gcc/arm-none-eabi/13.2.0/../../../../arm-none-eabi/lib/thumb/v7-m/nofp/libg.a(libc_a-__atexit.o)
 .debug_frame   0x00001dd0       0x5c /usr/lib/gcc/arm-none-eabi/13.2.0/../../../../arm-none-eabi/lib/thumb/v7-m/nofp/libg.a(libc_a-__call_atexit.o)

.debug_line_str
                0x00000000      0x12d
 .debug_line_str
                0x00000000      0x12d CMakeFiles/logger_diy.elf.dir/Core/Startup/startup_stm32l152rctx.s.obj
                                 0x79 (size before relaxing)
 .debug_line_str
                0x0000012d       0x93 /usr/lib/gcc/arm-none-eabi/13.2.0/thumb/v7-m/nofp/libgcc.a(_arm_addsubdf3.o)
 .debug_line_str
                0x0000012d       0x93 /usr/lib/gcc/arm-none-eabi/13.2.0/thumb/v7-m/nofp/libgcc.a(_arm_truncdfsf2.o)
 .debug_line_str
                0x0000012d       0x93 /usr/lib/gcc/arm-none-eabi/13.2.0/thumb/v7-m/nofp/libgcc.a(_arm_addsubsf3.o)
 .debug_line_str
                0x0000012d       0x93 /usr/lib/gcc/arm-none-eabi/13.2.0/thumb/v7-m/nofp/libgcc.a(_arm_muldivsf3.o)
 .debug_line_str
                0x0000012d       0x93 /usr/lib/gcc/arm-none-eabi/13.2.0/thumb/v7-m/nofp/libgcc.a(_arm_cmpsf2.o)
 .debug_line_str
                0x0000012d       0x93 /usr/lib/gcc/arm-none-eabi/13.2.0/thumb/v7-m/nofp/libgcc.a(_arm_fixsfsi.o)
 .debug_line_str
                0x0000012d       0x8e /usr/lib/gcc/arm-none-eabi/13.2.0/thumb/v7-m/nofp/libgcc.a(_aeabi_uldivmod.o)
 .debug_line_str
                0x0000012d       0x92 /usr/lib/gcc/arm-none-eabi/13.2.0/thumb/v7-m/nofp/libgcc.a(_dvmd_tls.o)
